no change     /apps/anaconda3/condabin/conda
no change     /apps/anaconda3/bin/conda
no change     /apps/anaconda3/bin/conda-env
no change     /apps/anaconda3/bin/activate
no change     /apps/anaconda3/bin/deactivate
no change     /apps/anaconda3/etc/profile.d/conda.sh
no change     /apps/anaconda3/etc/fish/conf.d/conda.fish
no change     /apps/anaconda3/shell/condabin/Conda.psm1
no change     /apps/anaconda3/shell/condabin/conda-hook.ps1
no change     /apps/anaconda3/lib/python3.11/site-packages/xontrib/conda.xsh
no change     /apps/anaconda3/etc/profile.d/conda.csh
no change     /home/2024mcsecs014/.bashrc
No action taken.
Using device: cuda
📁 Output  : /home/2024mcsecs014/project/euro/eurosat_output
📂 Dataset : /home/2024mcsecs014/dataset/eurosat/EuroSAT_RGB

Loading Inception v3...
✅ Inception loaded

############################################################
  DATASET      : EuroSAT RGB
  ARCHITECTURE : DCGAN (ngf=64, ndf=64)
  OPTIMIZER    : Adam
  LOSS FUNCS   : ['standard', 'lsgan', 'wgan', 'wgangp', 'hinge']
  EPOCHS       : 150 each
  TOTAL EPOCHS : 750
  BATCH SIZE   : 64
  FID EVERY    : 10 epochs
  DEVICE       : cuda
############################################################

************************************************************
  ▶ Experiment 1/5: STANDARD
************************************************************

============================================================
  DCGAN + EuroSAT | STANDARD | 150 Epochs
  Device: cuda
============================================================
  Classes (10): ['AnnualCrop', 'Forest', 'HerbaceousVegetation', 'Highway', 'Industrial', 'Pasture', 'PermanentCrop', 'Residential', 'River', 'SeaLake']
  Total Images: 27000
  G params: 3,576,704
  D params: 2,765,568
  Adam | lr=0.0002 | betas=(0.5,0.999)
  🏆 Best epoch 1 | G: 14.1684
  Epoch [  1/150] | G: 14.1684 | D:  0.3058 | ModeVar: 0.1054
  🏆 Best epoch 2 | G: 4.6046
  Epoch [  2/150] | G:  4.6046 | D:  0.2870 | ModeVar: 0.1041
  🏆 Best epoch 3 | G: 3.5411
  Epoch [  3/150] | G:  3.5411 | D:  0.3585 | ModeVar: 0.1644
  🏆 Best epoch 4 | G: 3.4229
  Epoch [  4/150] | G:  3.4229 | D:  0.4118 | ModeVar: 0.0779
  🏆 Best epoch 5 | G: 3.3405
  Epoch [  5/150] | G:  3.3405 | D:  0.3887 | ModeVar: 0.0696
  Epoch [  6/150] | G:  3.6822 | D:  0.3057 | ModeVar: 0.0775
  Epoch [  7/150] | G:  3.9012 | D:  0.2724 | ModeVar: 0.1013
  Epoch [  8/150] | G:  4.0692 | D:  0.2811 | ModeVar: 0.0828
  Epoch [  9/150] | G:  3.9741 | D:  0.2490 | ModeVar: 0.0866
  💾 Checkpoint epoch_010.pth
    Computing FID...
    FID: 112.0867 ✅
  Epoch [ 10/150] | G:  3.9324 | D:  0.2501 | ModeVar: 0.0760 | FID: 112.0867
  Epoch [ 11/150] | G:  3.8684 | D:  0.2747 | ModeVar: 0.0635
  Epoch [ 12/150] | G:  3.8203 | D:  0.2692 | ModeVar: 0.0858
  Epoch [ 13/150] | G:  3.6872 | D:  0.2158 | ModeVar: 0.0754
  Epoch [ 14/150] | G:  3.5778 | D:  0.2627 | ModeVar: 0.0922
  Epoch [ 15/150] | G:  3.7587 | D:  0.2417 | ModeVar: 0.0983
  Epoch [ 16/150] | G:  3.5936 | D:  0.2345 | ModeVar: 0.0985
  Epoch [ 17/150] | G:  3.8446 | D:  0.2433 | ModeVar: 0.0921
  Epoch [ 18/150] | G:  3.8835 | D:  0.2260 | ModeVar: 0.0959
  Epoch [ 19/150] | G:  3.8822 | D:  0.1704 | ModeVar: 0.0955
  💾 Checkpoint epoch_020.pth
    Computing FID...
    FID: 72.7038 ✅
  Epoch [ 20/150] | G:  3.8453 | D:  0.2263 | ModeVar: 0.0949 | FID: 72.7038
  Epoch [ 21/150] | G:  3.9757 | D:  0.2095 | ModeVar: 0.0842
  Epoch [ 22/150] | G:  4.1602 | D:  0.1586 | ModeVar: 0.0821
  Epoch [ 23/150] | G:  4.3628 | D:  0.1899 | ModeVar: 0.1029
  Epoch [ 24/150] | G:  4.2399 | D:  0.1674 | ModeVar: 0.1040
  Epoch [ 25/150] | G:  4.2472 | D:  0.1472 | ModeVar: 0.1002
  Epoch [ 26/150] | G:  4.2764 | D:  0.1808 | ModeVar: 0.0789
  Epoch [ 27/150] | G:  4.3747 | D:  0.1450 | ModeVar: 0.0834
  Epoch [ 28/150] | G:  4.6242 | D:  0.1359 | ModeVar: 0.0960
  Epoch [ 29/150] | G:  4.5446 | D:  0.1545 | ModeVar: 0.0776
  💾 Checkpoint epoch_030.pth
    Computing FID...
    FID: 56.8170 ✅
  Epoch [ 30/150] | G:  4.6671 | D:  0.1382 | ModeVar: 0.0781 | FID: 56.8170
  Epoch [ 31/150] | G:  4.5864 | D:  0.1677 | ModeVar: 0.0776
  Epoch [ 32/150] | G:  4.4206 | D:  0.1707 | ModeVar: 0.1071
  Epoch [ 33/150] | G:  4.7420 | D:  0.1307 | ModeVar: 0.0599
  Epoch [ 34/150] | G:  4.7269 | D:  0.1039 | ModeVar: 0.1067
  Epoch [ 35/150] | G:  4.4229 | D:  0.2038 | ModeVar: 0.0658
  Epoch [ 36/150] | G:  4.4818 | D:  0.1620 | ModeVar: 0.0746
  Epoch [ 37/150] | G:  4.5574 | D:  0.1139 | ModeVar: 0.1095
  Epoch [ 38/150] | G:  4.4356 | D:  0.1535 | ModeVar: 0.0968
  Epoch [ 39/150] | G:  4.6100 | D:  0.1532 | ModeVar: 0.1034
  💾 Checkpoint epoch_040.pth
    Computing FID...
    FID: 45.8346 ✅
  Epoch [ 40/150] | G:  4.7139 | D:  0.1488 | ModeVar: 0.0717 | FID: 45.8346
  Epoch [ 41/150] | G:  4.6164 | D:  0.1708 | ModeVar: 0.1225
  Epoch [ 42/150] | G:  4.6038 | D:  0.1608 | ModeVar: 0.0929
  Epoch [ 43/150] | G:  4.5959 | D:  0.1033 | ModeVar: 0.0958
  Epoch [ 44/150] | G:  4.8274 | D:  0.1615 | ModeVar: 0.0549
  Epoch [ 45/150] | G:  4.7756 | D:  0.0939 | ModeVar: 0.0806
  Epoch [ 46/150] | G:  4.9228 | D:  0.1406 | ModeVar: 0.0843
  Epoch [ 47/150] | G:  4.8685 | D:  0.1279 | ModeVar: 0.0831
  Epoch [ 48/150] | G:  5.0007 | D:  0.1713 | ModeVar: 0.0644
  Epoch [ 49/150] | G:  4.9947 | D:  0.1134 | ModeVar: 0.1001
  💾 Checkpoint epoch_050.pth
    Computing FID...
    FID: 44.7709 ✅
  Epoch [ 50/150] | G:  5.0690 | D:  0.1299 | ModeVar: 0.0712 | FID: 44.7709
  Epoch [ 51/150] | G:  5.0344 | D:  0.1804 | ModeVar: 0.0884
  Epoch [ 52/150] | G:  4.9401 | D:  0.0926 | ModeVar: 0.0662
  Epoch [ 53/150] | G:  5.2374 | D:  0.1572 | ModeVar: 0.0869
  Epoch [ 54/150] | G:  5.2426 | D:  0.0985 | ModeVar: 0.1062
  Epoch [ 55/150] | G:  5.2361 | D:  0.1425 | ModeVar: 0.0847
  Epoch [ 56/150] | G:  5.4076 | D:  0.1226 | ModeVar: 0.0642
  Epoch [ 57/150] | G:  5.3692 | D:  0.1048 | ModeVar: 0.0594
  Epoch [ 58/150] | G:  5.4647 | D:  0.1219 | ModeVar: 0.0690
  Epoch [ 59/150] | G:  5.4124 | D:  0.1178 | ModeVar: 0.0733
  💾 Checkpoint epoch_060.pth
    Computing FID...
    FID: 43.9078 ✅
  Epoch [ 60/150] | G:  5.4901 | D:  0.1071 | ModeVar: 0.0562 | FID: 43.9078
  Epoch [ 61/150] | G:  5.5036 | D:  0.1285 | ModeVar: 0.0668
  Epoch [ 62/150] | G:  5.4731 | D:  0.1283 | ModeVar: 0.0440
  Epoch [ 63/150] | G:  5.5192 | D:  0.0735 | ModeVar: 0.0705
  Epoch [ 64/150] | G:  5.5385 | D:  0.1505 | ModeVar: 0.0702
  Epoch [ 65/150] | G:  5.4872 | D:  0.0991 | ModeVar: 0.0449
  Epoch [ 66/150] | G:  5.4809 | D:  0.1295 | ModeVar: 0.0593
  Epoch [ 67/150] | G:  5.3597 | D:  0.1413 | ModeVar: 0.0778
  Epoch [ 68/150] | G:  5.6533 | D:  0.1402 | ModeVar: 0.0775
  Epoch [ 69/150] | G:  5.3761 | D:  0.0884 | ModeVar: 0.0961
  💾 Checkpoint epoch_070.pth
    Computing FID...
    FID: 43.3893 ✅
  Epoch [ 70/150] | G:  5.6327 | D:  0.1201 | ModeVar: 0.0693 | FID: 43.3893
  Epoch [ 71/150] | G:  5.6509 | D:  0.0878 | ModeVar: 0.0902
  Epoch [ 72/150] | G:  5.8391 | D:  0.1112 | ModeVar: 0.0817
  Epoch [ 73/150] | G:  5.7893 | D:  0.1263 | ModeVar: 0.0778
  Epoch [ 74/150] | G:  5.7316 | D:  0.0923 | ModeVar: 0.0690
  Epoch [ 75/150] | G:  5.7960 | D:  0.0709 | ModeVar: 0.0606
  Epoch [ 76/150] | G:  5.8565 | D:  0.1151 | ModeVar: 0.0489
  Epoch [ 77/150] | G:  5.9883 | D:  0.1075 | ModeVar: 0.0748
  Epoch [ 78/150] | G:  5.7940 | D:  0.1163 | ModeVar: 0.0386
  Epoch [ 79/150] | G:  5.9064 | D:  0.0739 | ModeVar: 0.0658
  💾 Checkpoint epoch_080.pth
    Computing FID...
    FID: 43.9493 ✅
  Epoch [ 80/150] | G:  5.5414 | D:  0.1250 | ModeVar: 0.0577 | FID: 43.9493
  Epoch [ 81/150] | G:  5.8985 | D:  0.0938 | ModeVar: 0.0786
  Epoch [ 82/150] | G:  5.5456 | D:  0.1592 | ModeVar: 0.0633
  Epoch [ 83/150] | G:  5.7295 | D:  0.0750 | ModeVar: 0.0448
  Epoch [ 84/150] | G:  5.7920 | D:  0.1042 | ModeVar: 0.0526
  Epoch [ 85/150] | G:  5.9073 | D:  0.1314 | ModeVar: 0.0569
  Epoch [ 86/150] | G:  5.8662 | D:  0.0784 | ModeVar: 0.0496
  Epoch [ 87/150] | G:  6.0555 | D:  0.0894 | ModeVar: 0.0755
  Epoch [ 88/150] | G:  6.0962 | D:  0.1127 | ModeVar: 0.0527
  Epoch [ 89/150] | G:  5.8653 | D:  0.0619 | ModeVar: 0.0381
  💾 Checkpoint epoch_090.pth
    Computing FID...
    FID: 45.1623 ✅
  Epoch [ 90/150] | G:  5.9744 | D:  0.0785 | ModeVar: 0.0544 | FID: 45.1623
  Epoch [ 91/150] | G:  6.0423 | D:  0.1033 | ModeVar: 0.0565
  Epoch [ 92/150] | G:  6.0360 | D:  0.0972 | ModeVar: 0.0403
  Epoch [ 93/150] | G:  6.0092 | D:  0.0921 | ModeVar: 0.0613
  Epoch [ 94/150] | G:  5.9462 | D:  0.0883 | ModeVar: 0.0523
  Epoch [ 95/150] | G:  6.0466 | D:  0.1021 | ModeVar: 0.0536
  Epoch [ 96/150] | G:  6.1307 | D:  0.0764 | ModeVar: 0.0531
  Epoch [ 97/150] | G:  6.2329 | D:  0.0670 | ModeVar: 0.0460
  Epoch [ 98/150] | G:  5.7520 | D:  0.1855 | ModeVar: 0.0571
  Epoch [ 99/150] | G:  6.0483 | D:  0.0486 | ModeVar: 0.0576
  💾 Checkpoint epoch_100.pth
    Computing FID...
    FID: 40.9248 ✅
  Epoch [100/150] | G:  6.2185 | D:  0.0875 | ModeVar: 0.0533 | FID: 40.9248
  Epoch [101/150] | G:  6.1329 | D:  0.0827 | ModeVar: 0.0576
  Epoch [102/150] | G:  6.3128 | D:  0.0961 | ModeVar: 0.0390
  Epoch [103/150] | G:  6.1861 | D:  0.0651 | ModeVar: 0.0619
  Epoch [104/150] | G:  6.1882 | D:  0.0814 | ModeVar: 0.0369
  Epoch [105/150] | G:  6.3279 | D:  0.0659 | ModeVar: 0.0470
  Epoch [106/150] | G:  5.8782 | D:  0.2004 | ModeVar: 0.0579
  Epoch [107/150] | G:  5.9908 | D:  0.0522 | ModeVar: 0.0756
  Epoch [108/150] | G:  6.1724 | D:  0.0612 | ModeVar: 0.0379
  Epoch [109/150] | G:  6.2207 | D:  0.0861 | ModeVar: 0.0545
  💾 Checkpoint epoch_110.pth
    Computing FID...
    FID: 49.8748 ✅
  Epoch [110/150] | G:  6.1934 | D:  0.0815 | ModeVar: 0.0416 | FID: 49.8748
  Epoch [111/150] | G:  6.4630 | D:  0.0907 | ModeVar: 0.0544
  Epoch [112/150] | G:  6.1984 | D:  0.0443 | ModeVar: 0.0457
  Epoch [113/150] | G:  6.3454 | D:  0.1302 | ModeVar: 0.0481
  Epoch [114/150] | G:  6.1621 | D:  0.0876 | ModeVar: 0.0523
  Epoch [115/150] | G:  5.9416 | D:  0.0844 | ModeVar: 0.0565
  Epoch [116/150] | G:  6.1563 | D:  0.0747 | ModeVar: 0.0461
  Epoch [117/150] | G:  6.3020 | D:  0.0563 | ModeVar: 0.0409
  Epoch [118/150] | G:  6.4823 | D:  0.0630 | ModeVar: 0.0319
  Epoch [119/150] | G:  6.6825 | D:  0.1058 | ModeVar: 0.0502
  💾 Checkpoint epoch_120.pth
    Computing FID...
    FID: 42.5402 ✅
  Epoch [120/150] | G:  6.2464 | D:  0.0732 | ModeVar: 0.0595 | FID: 42.5402
  Epoch [121/150] | G:  6.5047 | D:  0.1185 | ModeVar: 0.0543
  Epoch [122/150] | G:  6.2430 | D:  0.0443 | ModeVar: 0.0407
  Epoch [123/150] | G:  6.5040 | D:  0.0613 | ModeVar: 0.0473
  Epoch [124/150] | G:  6.3951 | D:  0.0501 | ModeVar: 0.0413
  Epoch [125/150] | G:  6.8588 | D:  0.0934 | ModeVar: 0.0578
  Epoch [126/150] | G:  6.5297 | D:  0.0716 | ModeVar: 0.0519
  Epoch [127/150] | G:  6.3380 | D:  0.0695 | ModeVar: 0.0486
  Epoch [128/150] | G:  6.4285 | D:  0.0887 | ModeVar: 0.0484
  Epoch [129/150] | G:  6.3232 | D:  0.0848 | ModeVar: 0.0440
  💾 Checkpoint epoch_130.pth
    Computing FID...
    FID: 44.6921 ✅
  Epoch [130/150] | G:  6.6801 | D:  0.0279 | ModeVar: 0.0445 | FID: 44.6921
  Epoch [131/150] | G:  6.5509 | D:  0.1070 | ModeVar: 0.0384
  Epoch [132/150] | G:  6.4235 | D:  0.0882 | ModeVar: 0.0469
  Epoch [133/150] | G:  6.7176 | D:  0.0639 | ModeVar: 0.0427
  Epoch [134/150] | G:  6.6452 | D:  0.0424 | ModeVar: 0.0419
  Epoch [135/150] | G:  6.2575 | D:  0.1166 | ModeVar: 0.0503
  Epoch [136/150] | G:  6.6089 | D:  0.0386 | ModeVar: 0.0482
  Epoch [137/150] | G:  6.5808 | D:  0.0809 | ModeVar: 0.0456
  Epoch [138/150] | G:  6.5246 | D:  0.0787 | ModeVar: 0.0474
  Epoch [139/150] | G:  6.4263 | D:  0.0848 | ModeVar: 0.0530
  💾 Checkpoint epoch_140.pth
    Computing FID...
    FID: 41.1268 ✅
  Epoch [140/150] | G:  6.1879 | D:  0.1007 | ModeVar: 0.0520 | FID: 41.1268
  Epoch [141/150] | G:  6.1441 | D:  0.0690 | ModeVar: 0.0422
  Epoch [142/150] | G:  6.4142 | D:  0.0465 | ModeVar: 0.0341
  Epoch [143/150] | G:  6.7494 | D:  0.0505 | ModeVar: 0.0509
  Epoch [144/150] | G:  6.5545 | D:  0.1095 | ModeVar: 0.0544
  Epoch [145/150] | G:  6.6525 | D:  0.0505 | ModeVar: 0.0521
  Epoch [146/150] | G:  6.6435 | D:  0.0911 | ModeVar: 0.0575
  Epoch [147/150] | G:  6.6727 | D:  0.0380 | ModeVar: 0.0500
  Epoch [148/150] | G:  6.6024 | D:  0.0489 | ModeVar: 0.0500
  Epoch [149/150] | G:  6.6715 | D:  0.1133 | ModeVar: 0.0538
  💾 Checkpoint epoch_150.pth
    Computing FID...
    FID: 40.8980 ✅
  Epoch [150/150] | G:  6.6873 | D:  0.0593 | ModeVar: 0.0571 | FID: 40.8980
  ✅ Final model saved
  📊 Partial CSV updated

************************************************************
  ▶ Experiment 2/5: LSGAN
************************************************************

============================================================
  DCGAN + EuroSAT | LSGAN | 150 Epochs
  Device: cuda
============================================================
  Classes (10): ['AnnualCrop', 'Forest', 'HerbaceousVegetation', 'Highway', 'Industrial', 'Pasture', 'PermanentCrop', 'Residential', 'River', 'SeaLake']
  Total Images: 27000
  G params: 3,576,704
  D params: 2,765,568
  Adam | lr=0.0002 | betas=(0.5,0.999)
  🏆 Best epoch 1 | G: 4.6326
  Epoch [  1/150] | G:  4.6326 | D:  1.4271 | ModeVar: 0.0214
  🏆 Best epoch 2 | G: 0.3885
  Epoch [  2/150] | G:  0.3885 | D:  0.1438 | ModeVar: 0.0494
  Epoch [  3/150] | G:  0.4133 | D:  0.1548 | ModeVar: 0.0688
  Epoch [  4/150] | G:  0.5115 | D:  0.0982 | ModeVar: 0.0935
  Epoch [  5/150] | G:  0.4448 | D:  0.1337 | ModeVar: 0.0818
  Epoch [  6/150] | G:  0.4245 | D:  0.1560 | ModeVar: 0.0541
  Epoch [  7/150] | G:  0.4031 | D:  0.1851 | ModeVar: 0.0738
  Epoch [  8/150] | G:  0.4588 | D:  0.1623 | ModeVar: 0.0886
  Epoch [  9/150] | G:  0.4335 | D:  0.1725 | ModeVar: 0.0989
  💾 Checkpoint epoch_010.pth
    Computing FID...
    FID: 168.1501 ✅
  Epoch [ 10/150] | G:  0.3974 | D:  0.1985 | ModeVar: 0.0978 | FID: 168.1501
  Epoch [ 11/150] | G:  0.3926 | D:  0.2041 | ModeVar: 0.1223
  Epoch [ 12/150] | G:  0.4211 | D:  0.1889 | ModeVar: 0.0850
  Epoch [ 13/150] | G:  0.4113 | D:  0.1876 | ModeVar: 0.0927
  Epoch [ 14/150] | G:  0.3926 | D:  0.2032 | ModeVar: 0.0950
  Epoch [ 15/150] | G:  0.4079 | D:  0.1954 | ModeVar: 0.0695
  Epoch [ 16/150] | G:  0.4279 | D:  0.1888 | ModeVar: 0.1103
  Epoch [ 17/150] | G:  0.4256 | D:  0.1784 | ModeVar: 0.1052
  Epoch [ 18/150] | G:  0.4370 | D:  0.1764 | ModeVar: 0.0948
  Epoch [ 19/150] | G:  0.4332 | D:  0.1852 | ModeVar: 0.0958
  💾 Checkpoint epoch_020.pth
    Computing FID...
    FID: 130.1498 ✅
  Epoch [ 20/150] | G:  0.4453 | D:  0.1791 | ModeVar: 0.0722 | FID: 130.1498
  Epoch [ 21/150] | G:  0.4481 | D:  0.1633 | ModeVar: 0.0716
  Epoch [ 22/150] | G:  0.4614 | D:  0.1476 | ModeVar: 0.1172
  Epoch [ 23/150] | G:  0.4499 | D:  0.1456 | ModeVar: 0.0856
  Epoch [ 24/150] | G:  0.4690 | D:  0.1461 | ModeVar: 0.0778
  Epoch [ 25/150] | G:  0.4650 | D:  0.1402 | ModeVar: 0.0823
  Epoch [ 26/150] | G:  0.4645 | D:  0.1404 | ModeVar: 0.0844
  Epoch [ 27/150] | G:  0.4555 | D:  0.1520 | ModeVar: 0.0997
  Epoch [ 28/150] | G:  0.4612 | D:  0.1524 | ModeVar: 0.1055
  Epoch [ 29/150] | G:  0.4142 | D:  0.1478 | ModeVar: 0.0843
  💾 Checkpoint epoch_030.pth
    Computing FID...
    FID: 88.8469 ✅
  Epoch [ 30/150] | G:  0.4510 | D:  0.1352 | ModeVar: 0.0893 | FID: 88.8469
  Epoch [ 31/150] | G:  0.4466 | D:  0.1303 | ModeVar: 0.1011
  Epoch [ 32/150] | G:  0.4462 | D:  0.1340 | ModeVar: 0.1026
  Epoch [ 33/150] | G:  0.4522 | D:  0.1367 | ModeVar: 0.0926
  Epoch [ 34/150] | G:  0.4461 | D:  0.1284 | ModeVar: 0.0847
  Epoch [ 35/150] | G:  0.4566 | D:  0.1188 | ModeVar: 0.0886
  Epoch [ 36/150] | G:  0.4511 | D:  0.1191 | ModeVar: 0.0869
  Epoch [ 37/150] | G:  0.4378 | D:  0.1290 | ModeVar: 0.1040
  Epoch [ 38/150] | G:  0.4615 | D:  0.1047 | ModeVar: 0.0748
  Epoch [ 39/150] | G:  0.4535 | D:  0.1069 | ModeVar: 0.0531
  💾 Checkpoint epoch_040.pth
    Computing FID...
    FID: 72.3228 ✅
  Epoch [ 40/150] | G:  0.4558 | D:  0.1099 | ModeVar: 0.0947 | FID: 72.3228
  Epoch [ 41/150] | G:  0.4634 | D:  0.1000 | ModeVar: 0.0842
  Epoch [ 42/150] | G:  0.4636 | D:  0.1054 | ModeVar: 0.0672
  Epoch [ 43/150] | G:  0.4567 | D:  0.1050 | ModeVar: 0.1234
  🏆 Best epoch 44 | G: 0.3696
  Epoch [ 44/150] | G:  0.3696 | D:  0.2072 | ModeVar: 0.0525
  Epoch [ 45/150] | G:  0.3888 | D:  0.1236 | ModeVar: 0.0798
  Epoch [ 46/150] | G:  0.4343 | D:  0.1064 | ModeVar: 0.0678
  Epoch [ 47/150] | G:  0.4420 | D:  0.1083 | ModeVar: 0.0851
  Epoch [ 48/150] | G:  0.4000 | D:  0.1504 | ModeVar: 0.1024
  Epoch [ 49/150] | G:  0.4429 | D:  0.0937 | ModeVar: 0.0955
  💾 Checkpoint epoch_050.pth
    Computing FID...
    FID: 65.3318 ✅
  Epoch [ 50/150] | G:  0.4504 | D:  0.1195 | ModeVar: 0.0784 | FID: 65.3318
  Epoch [ 51/150] | G:  0.4419 | D:  0.0859 | ModeVar: 0.0452
  Epoch [ 52/150] | G:  0.4508 | D:  0.0969 | ModeVar: 0.1002
  Epoch [ 53/150] | G:  0.4521 | D:  0.1043 | ModeVar: 0.0913
  Epoch [ 54/150] | G:  0.4519 | D:  0.0928 | ModeVar: 0.1245
  Epoch [ 55/150] | G:  0.4468 | D:  0.0936 | ModeVar: 0.0735
  Epoch [ 56/150] | G:  0.4373 | D:  0.1068 | ModeVar: 0.1004
  Epoch [ 57/150] | G:  0.4519 | D:  0.0892 | ModeVar: 0.0727
  Epoch [ 58/150] | G:  0.4511 | D:  0.0888 | ModeVar: 0.1072
  Epoch [ 59/150] | G:  0.4621 | D:  0.0868 | ModeVar: 0.0801
  💾 Checkpoint epoch_060.pth
    Computing FID...
    FID: 45.8500 ✅
  Epoch [ 60/150] | G:  0.4583 | D:  0.0830 | ModeVar: 0.0637 | FID: 45.8500
  Epoch [ 61/150] | G:  0.4510 | D:  0.0855 | ModeVar: 0.0924
  🏆 Best epoch 62 | G: 0.3093
  Epoch [ 62/150] | G:  0.3093 | D:  0.2268 | ModeVar: 0.0815
  Epoch [ 63/150] | G:  0.4273 | D:  0.0932 | ModeVar: 0.1070
  Epoch [ 64/150] | G:  0.4555 | D:  0.0931 | ModeVar: 0.0853
  Epoch [ 65/150] | G:  0.4391 | D:  0.0845 | ModeVar: 0.0930
  Epoch [ 66/150] | G:  0.4485 | D:  0.0816 | ModeVar: 0.0766
  Epoch [ 67/150] | G:  0.4462 | D:  0.0909 | ModeVar: 0.1107
  Epoch [ 68/150] | G:  0.4534 | D:  0.0868 | ModeVar: 0.0879
  Epoch [ 69/150] | G:  0.4560 | D:  0.0796 | ModeVar: 0.0679
  💾 Checkpoint epoch_070.pth
    Computing FID...
    FID: 48.0648 ✅
  Epoch [ 70/150] | G:  0.4630 | D:  0.0792 | ModeVar: 0.0794 | FID: 48.0648
  Epoch [ 71/150] | G:  0.4548 | D:  0.0846 | ModeVar: 0.0694
  Epoch [ 72/150] | G:  0.4626 | D:  0.0803 | ModeVar: 0.0682
  Epoch [ 73/150] | G:  0.4608 | D:  0.0776 | ModeVar: 0.0922
  Epoch [ 74/150] | G:  0.4612 | D:  0.0847 | ModeVar: 0.0589
  Epoch [ 75/150] | G:  0.4561 | D:  0.0775 | ModeVar: 0.0768
  Epoch [ 76/150] | G:  0.4532 | D:  0.0828 | ModeVar: 0.0792
  Epoch [ 77/150] | G:  0.4679 | D:  0.0716 | ModeVar: 0.0609
  Epoch [ 78/150] | G:  0.4618 | D:  0.0768 | ModeVar: 0.0707
  Epoch [ 79/150] | G:  0.4680 | D:  0.0756 | ModeVar: 0.1039
  💾 Checkpoint epoch_080.pth
    Computing FID...
    FID: 43.1686 ✅
  Epoch [ 80/150] | G:  0.4612 | D:  0.0767 | ModeVar: 0.0751 | FID: 43.1686
  Epoch [ 81/150] | G:  0.4522 | D:  0.0768 | ModeVar: 0.0663
  Epoch [ 82/150] | G:  0.4673 | D:  0.0717 | ModeVar: 0.0746
  Epoch [ 83/150] | G:  0.4608 | D:  0.0737 | ModeVar: 0.0400
  Epoch [ 84/150] | G:  0.4196 | D:  0.1269 | ModeVar: 0.0702
  Epoch [ 85/150] | G:  0.4567 | D:  0.0714 | ModeVar: 0.0818
  Epoch [ 86/150] | G:  0.4602 | D:  0.0691 | ModeVar: 0.0744
  Epoch [ 87/150] | G:  0.4515 | D:  0.0902 | ModeVar: 0.0529
  Epoch [ 88/150] | G:  0.4665 | D:  0.0689 | ModeVar: 0.0761
  Epoch [ 89/150] | G:  0.4659 | D:  0.0701 | ModeVar: 0.0863
  💾 Checkpoint epoch_090.pth
    Computing FID...
    FID: 49.4085 ✅
  Epoch [ 90/150] | G:  0.4720 | D:  0.0682 | ModeVar: 0.0688 | FID: 49.4085
  Epoch [ 91/150] | G:  0.4650 | D:  0.0712 | ModeVar: 0.0561
  Epoch [ 92/150] | G:  0.4573 | D:  0.0877 | ModeVar: 0.0667
  Epoch [ 93/150] | G:  0.4698 | D:  0.0632 | ModeVar: 0.0851
  Epoch [ 94/150] | G:  0.4668 | D:  0.0622 | ModeVar: 0.0724
  Epoch [ 95/150] | G:  0.4610 | D:  0.0668 | ModeVar: 0.0531
  Epoch [ 96/150] | G:  0.4695 | D:  0.0678 | ModeVar: 0.0668
  Epoch [ 97/150] | G:  0.3663 | D:  0.1620 | ModeVar: 0.0749
  Epoch [ 98/150] | G:  0.4583 | D:  0.0659 | ModeVar: 0.0539
  Epoch [ 99/150] | G:  0.4652 | D:  0.0658 | ModeVar: 0.0715
  💾 Checkpoint epoch_100.pth
    Computing FID...
    FID: 45.1584 ✅
  Epoch [100/150] | G:  0.4691 | D:  0.0687 | ModeVar: 0.0496 | FID: 45.1584
  Epoch [101/150] | G:  0.4727 | D:  0.0648 | ModeVar: 0.0542
  Epoch [102/150] | G:  0.4744 | D:  0.0657 | ModeVar: 0.0708
  Epoch [103/150] | G:  0.4657 | D:  0.0632 | ModeVar: 0.0626
  Epoch [104/150] | G:  0.4636 | D:  0.0642 | ModeVar: 0.0790
  Epoch [105/150] | G:  0.4680 | D:  0.0613 | ModeVar: 0.0571
  Epoch [106/150] | G:  0.4741 | D:  0.0618 | ModeVar: 0.0706
  Epoch [107/150] | G:  0.4700 | D:  0.0631 | ModeVar: 0.0493
  Epoch [108/150] | G:  0.4423 | D:  0.1037 | ModeVar: 0.1039
  Epoch [109/150] | G:  0.4298 | D:  0.0793 | ModeVar: 0.0602
  💾 Checkpoint epoch_110.pth
    Computing FID...
    FID: 40.3515 ✅
  Epoch [110/150] | G:  0.4629 | D:  0.0556 | ModeVar: 0.0647 | FID: 40.3515
  Epoch [111/150] | G:  0.4727 | D:  0.0610 | ModeVar: 0.0676
  Epoch [112/150] | G:  0.4613 | D:  0.0630 | ModeVar: 0.0646
  Epoch [113/150] | G:  0.4696 | D:  0.0560 | ModeVar: 0.0745
  Epoch [114/150] | G:  0.4637 | D:  0.0592 | ModeVar: 0.0547
  Epoch [115/150] | G:  0.4764 | D:  0.0625 | ModeVar: 0.0620
  Epoch [116/150] | G:  0.4760 | D:  0.0594 | ModeVar: 0.0694
  Epoch [117/150] | G:  0.4706 | D:  0.0607 | ModeVar: 0.0625
  Epoch [118/150] | G:  0.4683 | D:  0.0516 | ModeVar: 0.0695
  Epoch [119/150] | G:  0.4727 | D:  0.0577 | ModeVar: 0.0675
  💾 Checkpoint epoch_120.pth
    Computing FID...
    FID: 42.4690 ✅
  Epoch [120/150] | G:  0.4651 | D:  0.0610 | ModeVar: 0.0587 | FID: 42.4690
  Epoch [121/150] | G:  0.4763 | D:  0.0548 | ModeVar: 0.0675
  Epoch [122/150] | G:  0.4678 | D:  0.0555 | ModeVar: 0.0556
  Epoch [123/150] | G:  0.4689 | D:  0.0533 | ModeVar: 0.0587
  Epoch [124/150] | G:  0.4679 | D:  0.0584 | ModeVar: 0.0651
  Epoch [125/150] | G:  0.4735 | D:  0.0536 | ModeVar: 0.0595
  Epoch [126/150] | G:  0.4647 | D:  0.0515 | ModeVar: 0.0563
  Epoch [127/150] | G:  0.4778 | D:  0.0518 | ModeVar: 0.0594
  Epoch [128/150] | G:  0.4805 | D:  0.0542 | ModeVar: 0.0691
  Epoch [129/150] | G:  0.4767 | D:  0.0502 | ModeVar: 0.0762
  💾 Checkpoint epoch_130.pth
    Computing FID...
    FID: 40.2957 ✅
  Epoch [130/150] | G:  0.4446 | D:  0.0799 | ModeVar: 0.0572 | FID: 40.2957
  Epoch [131/150] | G:  0.4748 | D:  0.0515 | ModeVar: 0.0743
  Epoch [132/150] | G:  0.4782 | D:  0.0557 | ModeVar: 0.0631
  Epoch [133/150] | G:  0.4706 | D:  0.0467 | ModeVar: 0.0744
  Epoch [134/150] | G:  0.4777 | D:  0.0552 | ModeVar: 0.0643
  Epoch [135/150] | G:  0.4523 | D:  0.0932 | ModeVar: 0.0813
  Epoch [136/150] | G:  0.4622 | D:  0.0436 | ModeVar: 0.0762
  Epoch [137/150] | G:  0.4741 | D:  0.0473 | ModeVar: 0.0675
  Epoch [138/150] | G:  0.4469 | D:  0.0829 | ModeVar: 0.0646
  Epoch [139/150] | G:  0.4329 | D:  0.0733 | ModeVar: 0.0440
  💾 Checkpoint epoch_140.pth
    Computing FID...
    FID: 39.7487 ✅
  Epoch [140/150] | G:  0.4730 | D:  0.0442 | ModeVar: 0.0522 | FID: 39.7487
  Epoch [141/150] | G:  0.4743 | D:  0.0471 | ModeVar: 0.0614
  Epoch [142/150] | G:  0.4870 | D:  0.0467 | ModeVar: 0.0592
  Epoch [143/150] | G:  0.4803 | D:  0.0490 | ModeVar: 0.0497
  Epoch [144/150] | G:  0.4834 | D:  0.0455 | ModeVar: 0.0444
  Epoch [145/150] | G:  0.4773 | D:  0.0480 | ModeVar: 0.0654
  Epoch [146/150] | G:  0.4546 | D:  0.0837 | ModeVar: 0.0616
  Epoch [147/150] | G:  0.4688 | D:  0.0406 | ModeVar: 0.0648
  Epoch [148/150] | G:  0.4791 | D:  0.0456 | ModeVar: 0.0580
  Epoch [149/150] | G:  0.4907 | D:  0.0441 | ModeVar: 0.0624
  💾 Checkpoint epoch_150.pth
    Computing FID...
    FID: 39.9079 ✅
  Epoch [150/150] | G:  0.4821 | D:  0.0471 | ModeVar: 0.0733 | FID: 39.9079
  ✅ Final model saved
  📊 Partial CSV updated

************************************************************
  ▶ Experiment 3/5: WGAN
************************************************************

============================================================
  DCGAN + EuroSAT | WGAN | 150 Epochs
  Device: cuda
============================================================
  Classes (10): ['AnnualCrop', 'Forest', 'HerbaceousVegetation', 'Highway', 'Industrial', 'Pasture', 'PermanentCrop', 'Residential', 'River', 'SeaLake']
  Total Images: 27000
  G params: 3,576,704
  D params: 2,765,568
  TTUR | lr_G=0.0001 | lr_D=0.0004 | n_critic=5
  🏆 Best epoch 1 | G: 0.7177
  Epoch [  1/150] | G:  0.7177 | D: -1.3935 | ModeVar: 0.0895
  🏆 Best epoch 2 | G: 0.6108
  Epoch [  2/150] | G:  0.6108 | D: -1.1676 | ModeVar: 0.1069
  🏆 Best epoch 3 | G: 0.5106
  Epoch [  3/150] | G:  0.5106 | D: -0.9973 | ModeVar: 0.0932
  🏆 Best epoch 4 | G: 0.2871
  Epoch [  4/150] | G:  0.2871 | D: -0.7359 | ModeVar: 0.0858
  🏆 Best epoch 5 | G: 0.2616
  Epoch [  5/150] | G:  0.2616 | D: -0.6966 | ModeVar: 0.0891
  🏆 Best epoch 6 | G: 0.2385
  Epoch [  6/150] | G:  0.2385 | D: -0.6553 | ModeVar: 0.0903
  Epoch [  7/150] | G:  0.2422 | D: -0.6070 | ModeVar: 0.0919
  Epoch [  8/150] | G:  0.2989 | D: -0.5798 | ModeVar: 0.1002
  Epoch [  9/150] | G:  0.2906 | D: -0.5747 | ModeVar: 0.0883
  💾 Checkpoint epoch_010.pth
    Computing FID...
    FID: 126.9515 ✅
  Epoch [ 10/150] | G:  0.2385 | D: -0.5356 | ModeVar: 0.0922 | FID: 126.9515
  Epoch [ 11/150] | G:  0.2533 | D: -0.5316 | ModeVar: 0.0921
  Epoch [ 12/150] | G:  0.2788 | D: -0.5724 | ModeVar: 0.1138
  🏆 Best epoch 13 | G: 0.2214
  Epoch [ 13/150] | G:  0.2214 | D: -0.5426 | ModeVar: 0.1111
  Epoch [ 14/150] | G:  0.2698 | D: -0.5712 | ModeVar: 0.1211
  Epoch [ 15/150] | G:  0.2281 | D: -0.5265 | ModeVar: 0.1077
  Epoch [ 16/150] | G:  0.2974 | D: -0.4910 | ModeVar: 0.0900
  Epoch [ 17/150] | G:  0.2396 | D: -0.4591 | ModeVar: 0.0830
  Epoch [ 18/150] | G:  0.2542 | D: -0.4153 | ModeVar: 0.0877
  🏆 Best epoch 19 | G: 0.1993
  Epoch [ 19/150] | G:  0.1993 | D: -0.3952 | ModeVar: 0.0942
  💾 Checkpoint epoch_020.pth
    Computing FID...
    FID: 117.9471 ✅
  Epoch [ 20/150] | G:  0.2247 | D: -0.3774 | ModeVar: 0.0944 | FID: 117.9471
  Epoch [ 21/150] | G:  0.2176 | D: -0.3741 | ModeVar: 0.0923
  🏆 Best epoch 22 | G: 0.1553
  Epoch [ 22/150] | G:  0.1553 | D: -0.3802 | ModeVar: 0.0903
  🏆 Best epoch 23 | G: 0.1475
  Epoch [ 23/150] | G:  0.1475 | D: -0.3951 | ModeVar: 0.0951
  Epoch [ 24/150] | G:  0.2923 | D: -0.6284 | ModeVar: 0.1062
  Epoch [ 25/150] | G:  0.2029 | D: -0.5404 | ModeVar: 0.1051
  Epoch [ 26/150] | G:  0.1693 | D: -0.4481 | ModeVar: 0.0963
  Epoch [ 27/150] | G:  0.1676 | D: -0.4188 | ModeVar: 0.1058
  🏆 Best epoch 28 | G: 0.1317
  Epoch [ 28/150] | G:  0.1317 | D: -0.4226 | ModeVar: 0.1150
  Epoch [ 29/150] | G:  0.1661 | D: -0.4270 | ModeVar: 0.0998
  💾 Checkpoint epoch_030.pth
    Computing FID...
    FID: 108.0879 ✅
  Epoch [ 30/150] | G:  0.1487 | D: -0.3986 | ModeVar: 0.0907 | FID: 108.0879
  Epoch [ 31/150] | G:  0.1645 | D: -0.3882 | ModeVar: 0.0995
  Epoch [ 32/150] | G:  0.1781 | D: -0.3898 | ModeVar: 0.0886
  Epoch [ 33/150] | G:  0.1802 | D: -0.3961 | ModeVar: 0.1037
  Epoch [ 34/150] | G:  0.1914 | D: -0.4073 | ModeVar: 0.1049
  Epoch [ 35/150] | G:  0.1931 | D: -0.4320 | ModeVar: 0.0958
  Epoch [ 36/150] | G:  0.1768 | D: -0.4444 | ModeVar: 0.0966
  Epoch [ 37/150] | G:  0.1632 | D: -0.4135 | ModeVar: 0.1041
  Epoch [ 38/150] | G:  0.2060 | D: -0.4224 | ModeVar: 0.0952
  Epoch [ 39/150] | G:  0.1948 | D: -0.4526 | ModeVar: 0.1096
  💾 Checkpoint epoch_040.pth
    Computing FID...
    FID: 85.5287 ✅
  Epoch [ 40/150] | G:  0.1740 | D: -0.4615 | ModeVar: 0.0916 | FID: 85.5287
  Epoch [ 41/150] | G:  0.1800 | D: -0.4005 | ModeVar: 0.0905
  Epoch [ 42/150] | G:  0.1946 | D: -0.3940 | ModeVar: 0.0865
  Epoch [ 43/150] | G:  0.1480 | D: -0.3829 | ModeVar: 0.0973
  Epoch [ 44/150] | G:  0.1739 | D: -0.3782 | ModeVar: 0.0910
  Epoch [ 45/150] | G:  0.1688 | D: -0.3599 | ModeVar: 0.0916
  Epoch [ 46/150] | G:  0.1586 | D: -0.3801 | ModeVar: 0.1011
  Epoch [ 47/150] | G:  0.2051 | D: -0.3614 | ModeVar: 0.0849
  Epoch [ 48/150] | G:  0.1555 | D: -0.3375 | ModeVar: 0.0991
  Epoch [ 49/150] | G:  0.1698 | D: -0.3421 | ModeVar: 0.1018
  💾 Checkpoint epoch_050.pth
    Computing FID...
    FID: 82.8052 ✅
  Epoch [ 50/150] | G:  0.1596 | D: -0.3433 | ModeVar: 0.0884 | FID: 82.8052
  Epoch [ 51/150] | G:  0.1657 | D: -0.3018 | ModeVar: 0.0821
  🏆 Best epoch 52 | G: 0.1058
  Epoch [ 52/150] | G:  0.1058 | D: -0.2137 | ModeVar: 0.1025
  🏆 Best epoch 53 | G: 0.0480
  Epoch [ 53/150] | G:  0.0480 | D: -0.1327 | ModeVar: 0.1167
  🏆 Best epoch 54 | G: 0.0351
  Epoch [ 54/150] | G:  0.0351 | D: -0.1129 | ModeVar: 0.1286
  Epoch [ 55/150] | G:  0.0577 | D: -0.1184 | ModeVar: 0.1283
  🏆 Best epoch 56 | G: 0.0229
  Epoch [ 56/150] | G:  0.0229 | D: -0.1217 | ModeVar: 0.1399
  Epoch [ 57/150] | G:  0.0556 | D: -0.1077 | ModeVar: 0.1122
  Epoch [ 58/150] | G:  0.0879 | D: -0.1118 | ModeVar: 0.1731
  🏆 Best epoch 59 | G: 0.0130
  Epoch [ 59/150] | G:  0.0130 | D: -0.1170 | ModeVar: 0.1346
  💾 Checkpoint epoch_060.pth
    Computing FID...
    FID: 109.9029 ✅
  Epoch [ 60/150] | G:  0.0179 | D: -0.1218 | ModeVar: 0.1411 | FID: 109.9029
  Epoch [ 61/150] | G:  0.0429 | D: -0.1221 | ModeVar: 0.1372
  Epoch [ 62/150] | G:  0.0647 | D: -0.1166 | ModeVar: 0.1479
  Epoch [ 63/150] | G:  0.0584 | D: -0.1054 | ModeVar: 0.1199
  Epoch [ 64/150] | G:  0.0357 | D: -0.1062 | ModeVar: 0.1252
  Epoch [ 65/150] | G:  0.0733 | D: -0.1234 | ModeVar: 0.1283
  🏆 Best epoch 66 | G: -0.0076
  Epoch [ 66/150] | G: -0.0076 | D: -0.1163 | ModeVar: 0.1285
  Epoch [ 67/150] | G:  0.0176 | D: -0.1051 | ModeVar: 0.1394
  Epoch [ 68/150] | G:  0.0151 | D: -0.1059 | ModeVar: 0.1277
  Epoch [ 69/150] | G:  0.0307 | D: -0.1112 | ModeVar: 0.1307
  💾 Checkpoint epoch_070.pth
    Computing FID...
    FID: 114.9051 ✅
  Epoch [ 70/150] | G:  0.0467 | D: -0.1139 | ModeVar: 0.1444 | FID: 114.9051
  Epoch [ 71/150] | G:  0.1065 | D: -0.1082 | ModeVar: 0.1196
  Epoch [ 72/150] | G:  0.0701 | D: -0.1148 | ModeVar: 0.1169
  Epoch [ 73/150] | G:  0.0826 | D: -0.1080 | ModeVar: 0.1241
  Epoch [ 74/150] | G:  0.0993 | D: -0.1207 | ModeVar: 0.1480
  Epoch [ 75/150] | G:  0.1636 | D: -0.3363 | ModeVar: 0.0842
  Epoch [ 76/150] | G:  0.1991 | D: -0.4019 | ModeVar: 0.0874
  Epoch [ 77/150] | G:  0.1584 | D: -0.3288 | ModeVar: 0.1036
  Epoch [ 78/150] | G:  0.0683 | D: -0.1429 | ModeVar: 0.0984
  Epoch [ 79/150] | G:  0.0486 | D: -0.1080 | ModeVar: 0.1089
  💾 Checkpoint epoch_080.pth
    Computing FID...
    FID: 107.8583 ✅
  Epoch [ 80/150] | G:  0.0386 | D: -0.1026 | ModeVar: 0.1373 | FID: 107.8583
  Epoch [ 81/150] | G:  0.0265 | D: -0.1101 | ModeVar: 0.1291
  Epoch [ 82/150] | G:  0.0154 | D: -0.1130 | ModeVar: 0.1241
  Epoch [ 83/150] | G:  0.0509 | D: -0.1114 | ModeVar: 0.1244
  Epoch [ 84/150] | G:  0.0492 | D: -0.1068 | ModeVar: 0.1165
  Epoch [ 85/150] | G:  0.0399 | D: -0.1087 | ModeVar: 0.1335
  Epoch [ 86/150] | G:  0.0670 | D: -0.0972 | ModeVar: 0.1105
  Epoch [ 87/150] | G:  0.0192 | D: -0.1045 | ModeVar: 0.1278
  Epoch [ 88/150] | G:  0.0589 | D: -0.1044 | ModeVar: 0.1096
  Epoch [ 89/150] | G:  0.0415 | D: -0.1021 | ModeVar: 0.1371
  💾 Checkpoint epoch_090.pth
    Computing FID...
    FID: 111.3332 ✅
  Epoch [ 90/150] | G:  0.0176 | D: -0.1131 | ModeVar: 0.1256 | FID: 111.3332
  Epoch [ 91/150] | G:  0.0137 | D: -0.1026 | ModeVar: 0.1231
  Epoch [ 92/150] | G:  0.0703 | D: -0.0954 | ModeVar: 0.1117
  Epoch [ 93/150] | G:  0.0493 | D: -0.1123 | ModeVar: 0.1164
  Epoch [ 94/150] | G:  0.0201 | D: -0.1186 | ModeVar: 0.1287
  Epoch [ 95/150] | G:  0.0874 | D: -0.1105 | ModeVar: 0.1443
  Epoch [ 96/150] | G:  0.0621 | D: -0.1014 | ModeVar: 0.1273
  Epoch [ 97/150] | G:  0.0605 | D: -0.1096 | ModeVar: 0.1138
  Epoch [ 98/150] | G:  0.0631 | D: -0.1045 | ModeVar: 0.1248
  Epoch [ 99/150] | G:  0.0202 | D: -0.1123 | ModeVar: 0.1199
  💾 Checkpoint epoch_100.pth
    Computing FID...
    FID: 117.1548 ✅
  Epoch [100/150] | G:  0.0444 | D: -0.1076 | ModeVar: 0.1168 | FID: 117.1548
  Epoch [101/150] | G:  0.0620 | D: -0.0991 | ModeVar: 0.1518
  Epoch [102/150] | G:  0.0342 | D: -0.1072 | ModeVar: 0.1429
  Epoch [103/150] | G:  0.0647 | D: -0.1020 | ModeVar: 0.1142
  Epoch [104/150] | G:  0.0630 | D: -0.1120 | ModeVar: 0.1252
  Epoch [105/150] | G:  0.0881 | D: -0.2874 | ModeVar: 0.0913
  Epoch [106/150] | G:  0.1794 | D: -0.3437 | ModeVar: 0.0936
  Epoch [107/150] | G:  0.1578 | D: -0.3327 | ModeVar: 0.0851
  Epoch [108/150] | G:  0.2304 | D: -0.3816 | ModeVar: 0.0937
  Epoch [109/150] | G:  0.2429 | D: -0.3839 | ModeVar: 0.1009
  💾 Checkpoint epoch_110.pth
    Computing FID...
    FID: 81.1757 ✅
  Epoch [110/150] | G:  0.2152 | D: -0.3835 | ModeVar: 0.0853 | FID: 81.1757
  Epoch [111/150] | G:  0.2255 | D: -0.3674 | ModeVar: 0.0908
  Epoch [112/150] | G:  0.2409 | D: -0.3534 | ModeVar: 0.0905
  Epoch [113/150] | G:  0.2214 | D: -0.3407 | ModeVar: 0.0938
  Epoch [114/150] | G:  0.2106 | D: -0.3513 | ModeVar: 0.1120
  Epoch [115/150] | G:  0.1864 | D: -0.3484 | ModeVar: 0.1015
  Epoch [116/150] | G:  0.1733 | D: -0.3163 | ModeVar: 0.1037
  Epoch [117/150] | G:  0.1602 | D: -0.2541 | ModeVar: 0.0986
  Epoch [118/150] | G:  0.0951 | D: -0.1894 | ModeVar: 0.1081
  Epoch [119/150] | G:  0.1007 | D: -0.1165 | ModeVar: 0.1075
  💾 Checkpoint epoch_120.pth
    Computing FID...
    FID: 82.6396 ✅
  Epoch [120/150] | G:  0.0392 | D: -0.1004 | ModeVar: 0.1288 | FID: 82.6396
  Epoch [121/150] | G:  0.0690 | D: -0.1055 | ModeVar: 0.1155
  Epoch [122/150] | G:  0.1193 | D: -0.0972 | ModeVar: 0.1178
  Epoch [123/150] | G:  0.0636 | D: -0.1187 | ModeVar: 0.1228
  Epoch [124/150] | G:  0.0800 | D: -0.1023 | ModeVar: 0.1156
  Epoch [125/150] | G:  0.0388 | D: -0.1026 | ModeVar: 0.1137
  Epoch [126/150] | G:  0.0424 | D: -0.1044 | ModeVar: 0.1339
  Epoch [127/150] | G:  0.0291 | D: -0.1110 | ModeVar: 0.1371
  Epoch [128/150] | G:  0.0315 | D: -0.0971 | ModeVar: 0.1080
  Epoch [129/150] | G:  0.0479 | D: -0.1141 | ModeVar: 0.1368
  💾 Checkpoint epoch_130.pth
    Computing FID...
    FID: 102.8811 ✅
  Epoch [130/150] | G:  0.0031 | D: -0.1098 | ModeVar: 0.1309 | FID: 102.8811
  Epoch [131/150] | G:  0.0681 | D: -0.0998 | ModeVar: 0.1309
  Epoch [132/150] | G:  0.0419 | D: -0.1013 | ModeVar: 0.1313
  Epoch [133/150] | G:  0.0519 | D: -0.1223 | ModeVar: 0.1112
  Epoch [134/150] | G:  0.0436 | D: -0.1007 | ModeVar: 0.1167
  Epoch [135/150] | G:  0.0576 | D: -0.1094 | ModeVar: 0.1424
  Epoch [136/150] | G:  0.0579 | D: -0.1759 | ModeVar: 0.1040
  Epoch [137/150] | G:  0.0659 | D: -0.1516 | ModeVar: 0.1106
  Epoch [138/150] | G:  0.0170 | D: -0.1038 | ModeVar: 0.1139
  Epoch [139/150] | G:  0.0499 | D: -0.0993 | ModeVar: 0.1327
  💾 Checkpoint epoch_140.pth
    Computing FID...
    FID: 92.1788 ✅
  Epoch [140/150] | G:  0.0310 | D: -0.1045 | ModeVar: 0.1192 | FID: 92.1788
  Epoch [141/150] | G:  0.0814 | D: -0.1078 | ModeVar: 0.1185
  Epoch [142/150] | G:  0.0160 | D: -0.1079 | ModeVar: 0.1282
  Epoch [143/150] | G:  0.0391 | D: -0.1033 | ModeVar: 0.1234
  Epoch [144/150] | G:  0.0408 | D: -0.1012 | ModeVar: 0.1177
  Epoch [145/150] | G:  0.0788 | D: -0.1003 | ModeVar: 0.1239
  Epoch [146/150] | G:  0.0585 | D: -0.1030 | ModeVar: 0.1087
  Epoch [147/150] | G:  0.0356 | D: -0.1229 | ModeVar: 0.1310
  Epoch [148/150] | G:  0.0465 | D: -0.1031 | ModeVar: 0.1268
  Epoch [149/150] | G:  0.0464 | D: -0.1089 | ModeVar: 0.1397
  💾 Checkpoint epoch_150.pth
    Computing FID...
    FID: 102.8810 ✅
  Epoch [150/150] | G:  0.0103 | D: -0.0907 | ModeVar: 0.1129 | FID: 102.8810
  ✅ Final model saved
  📊 Partial CSV updated

************************************************************
  ▶ Experiment 4/5: WGANGP
************************************************************

============================================================
  DCGAN + EuroSAT | WGANGP | 150 Epochs
  Device: cuda
============================================================
  Classes (10): ['AnnualCrop', 'Forest', 'HerbaceousVegetation', 'Highway', 'Industrial', 'Pasture', 'PermanentCrop', 'Residential', 'River', 'SeaLake']
  Total Images: 27000
  G params: 3,576,704
  D params: 2,765,568
  TTUR | lr_G=0.0001 | lr_D=0.0004 | n_critic=5
  🏆 Best epoch 1 | G: 28.7204
  Epoch [  1/150] | G: 28.7204 | D: -17.3202 | ModeVar: 0.0517
  Epoch [  2/150] | G: 38.5754 | D: -6.9475 | ModeVar: 0.0830
  Epoch [  3/150] | G: 73.4525 | D: -4.7041 | ModeVar: 0.0632
  Epoch [  4/150] | G: 82.6190 | D: -12.0614 | ModeVar: 0.0724
  Epoch [  5/150] | G: 92.0905 | D: -0.4184 | ModeVar: 0.0739
  Epoch [  6/150] | G: 118.4799 | D: -8.1280 | ModeVar: 0.0796
  Epoch [  7/150] | G: 126.9493 | D: 27.6336 | ModeVar: 0.0968
  Epoch [  8/150] | G: 119.8279 | D: 51.5308 | ModeVar: 0.0753
  Epoch [  9/150] | G: 141.1574 | D: -6.5054 | ModeVar: 0.0801
  💾 Checkpoint epoch_010.pth
    Computing FID...
    FID: 138.0148 ✅
  Epoch [ 10/150] | G: 138.7588 | D: 293.2205 | ModeVar: 0.0713 | FID: 138.0148
  Epoch [ 11/150] | G: 155.9765 | D: 121.5934 | ModeVar: 0.0765
  Epoch [ 12/150] | G: 162.0681 | D: -1.9988 | ModeVar: 0.0865
  Epoch [ 13/150] | G: 156.0887 | D: 15.3698 | ModeVar: 0.0816
  Epoch [ 14/150] | G: 150.6531 | D: 28.5383 | ModeVar: 0.0705
  Epoch [ 15/150] | G: 193.8848 | D: -8.4540 | ModeVar: 0.0806
  Epoch [ 16/150] | G: 205.9789 | D: 96.4868 | ModeVar: 0.0606
  Epoch [ 17/150] | G: 206.9802 | D: 169.2772 | ModeVar: 0.0901
  Epoch [ 18/150] | G: 223.4756 | D: -9.3514 | ModeVar: 0.0995
  Epoch [ 19/150] | G: 237.7140 | D: 12.1748 | ModeVar: 0.0854
  💾 Checkpoint epoch_020.pth
    Computing FID...
    FID: 131.4971 ✅
  Epoch [ 20/150] | G: 261.1504 | D: -4.8414 | ModeVar: 0.0995 | FID: 131.4971
  Epoch [ 21/150] | G: 247.1534 | D: -7.3231 | ModeVar: 0.0827
  Epoch [ 22/150] | G: 276.8380 | D: 167.7654 | ModeVar: 0.0760
  Epoch [ 23/150] | G: 280.1561 | D: 27.4637 | ModeVar: 0.0908
  Epoch [ 24/150] | G: 299.7972 | D:  0.1814 | ModeVar: 0.0877
  Epoch [ 25/150] | G: 300.0834 | D: -17.7729 | ModeVar: 0.0871
  Epoch [ 26/150] | G: 308.7678 | D: -10.9098 | ModeVar: 0.0687
  Epoch [ 27/150] | G: 328.0656 | D: 82.2978 | ModeVar: 0.0926
  Epoch [ 28/150] | G: 325.3738 | D: 202.5576 | ModeVar: 0.0789
  Epoch [ 29/150] | G: 312.8688 | D: 87.5000 | ModeVar: 0.0817
  💾 Checkpoint epoch_030.pth
    Computing FID...
    FID: 143.8983 ✅
  Epoch [ 30/150] | G: 324.9433 | D: 249.1989 | ModeVar: 0.1179 | FID: 143.8983
  Epoch [ 31/150] | G: 331.4690 | D: 39.6496 | ModeVar: 0.0853
  Epoch [ 32/150] | G: 326.4123 | D: 63.5017 | ModeVar: 0.0701
  Epoch [ 33/150] | G: 351.1124 | D: 54.9013 | ModeVar: 0.0641
  Epoch [ 34/150] | G: 341.9743 | D: 21.4516 | ModeVar: 0.0681
  Epoch [ 35/150] | G: 312.1056 | D: 489.3803 | ModeVar: 0.1022
  Epoch [ 36/150] | G: 308.9362 | D: 219.8770 | ModeVar: 0.0770
  Epoch [ 37/150] | G: 343.9947 | D: 62.8801 | ModeVar: 0.0648
  Epoch [ 38/150] | G: 330.4824 | D: 16.9106 | ModeVar: 0.0665
  Epoch [ 39/150] | G: 339.3948 | D:  9.2771 | ModeVar: 0.0589
  💾 Checkpoint epoch_040.pth
    Computing FID...
    FID: 125.8258 ✅
  Epoch [ 40/150] | G: 323.2505 | D: 526.1430 | ModeVar: 0.0656 | FID: 125.8258
  Epoch [ 41/150] | G: 318.3798 | D: 460.1769 | ModeVar: 0.0805
  Epoch [ 42/150] | G: 306.6891 | D:  5.7615 | ModeVar: 0.0813
  Epoch [ 43/150] | G: 326.1071 | D: 21.8871 | ModeVar: 0.0718
  Epoch [ 44/150] | G: 331.2291 | D: 81.6209 | ModeVar: 0.0654
  Epoch [ 45/150] | G: 362.8039 | D: -21.3148 | ModeVar: 0.0801
  Epoch [ 46/150] | G: 350.5658 | D: 64.9281 | ModeVar: 0.0704
  Epoch [ 47/150] | G: 348.2457 | D: 56.4421 | ModeVar: 0.0651
  Epoch [ 48/150] | G: 328.6437 | D: 41.5084 | ModeVar: 0.0469
  Epoch [ 49/150] | G: 334.6497 | D: 217.2824 | ModeVar: 0.1065
  💾 Checkpoint epoch_050.pth
    Computing FID...
    FID: 119.3029 ✅
  Epoch [ 50/150] | G: 328.1788 | D: 65.9442 | ModeVar: 0.0500 | FID: 119.3029
  Epoch [ 51/150] | G: 315.8302 | D: 82.1048 | ModeVar: 0.0793
  Epoch [ 52/150] | G: 305.6735 | D: 19.4699 | ModeVar: 0.0715
  Epoch [ 53/150] | G: 302.9011 | D: 81.1074 | ModeVar: 0.0626
  Epoch [ 54/150] | G: 308.1687 | D: -8.7588 | ModeVar: 0.0939
  Epoch [ 55/150] | G: 302.8570 | D: 335.9685 | ModeVar: 0.0822
  Epoch [ 56/150] | G: 332.8218 | D: 777.9056 | ModeVar: 0.0620
  Epoch [ 57/150] | G: 313.3400 | D: 43.1467 | ModeVar: 0.0728
  Epoch [ 58/150] | G: 289.6573 | D: -6.3638 | ModeVar: 0.0790
  Epoch [ 59/150] | G: 302.6603 | D: 131.4937 | ModeVar: 0.0924
  💾 Checkpoint epoch_060.pth
    Computing FID...
    FID: 121.7476 ✅
  Epoch [ 60/150] | G: 298.9681 | D: -11.2427 | ModeVar: 0.0690 | FID: 121.7476
  Epoch [ 61/150] | G: 293.2406 | D: 213.7634 | ModeVar: 0.0547
  Epoch [ 62/150] | G: 271.8472 | D: 293.6014 | ModeVar: 0.0660
  Epoch [ 63/150] | G: 261.2234 | D: 36.3515 | ModeVar: 0.0753
  Epoch [ 64/150] | G: 290.6655 | D: 154.5204 | ModeVar: 0.0935
  Epoch [ 65/150] | G: 298.8908 | D: -10.1681 | ModeVar: 0.0725
  Epoch [ 66/150] | G: 298.7567 | D: 88.8722 | ModeVar: 0.0872
  Epoch [ 67/150] | G: 289.8850 | D: 410.9066 | ModeVar: 0.0726
  Epoch [ 68/150] | G: 273.4949 | D: 24.2388 | ModeVar: 0.0716
  Epoch [ 69/150] | G: 255.0414 | D: 27.0566 | ModeVar: 0.0913
  💾 Checkpoint epoch_070.pth
    Computing FID...
    FID: 128.3840 ✅
  Epoch [ 70/150] | G: 242.8171 | D: -5.5889 | ModeVar: 0.1006 | FID: 128.3840
  Epoch [ 71/150] | G: 246.7058 | D: -33.6443 | ModeVar: 0.0855
  Epoch [ 72/150] | G: 293.3244 | D: 234.7555 | ModeVar: 0.1096
  Epoch [ 73/150] | G: 337.2346 | D: -39.3034 | ModeVar: 0.0564
  Epoch [ 74/150] | G: 360.7099 | D: 787.7696 | ModeVar: 0.0899
  Epoch [ 75/150] | G: 414.4383 | D: -5.0474 | ModeVar: 0.1109
  Epoch [ 76/150] | G: 411.9295 | D: -6.2452 | ModeVar: 0.0845
  Epoch [ 77/150] | G: 406.4880 | D: 24.5156 | ModeVar: 0.1093
  Epoch [ 78/150] | G: 390.2621 | D: -5.9676 | ModeVar: 0.0789
  Epoch [ 79/150] | G: 410.6433 | D: -5.6057 | ModeVar: 0.0913
  💾 Checkpoint epoch_080.pth
    Computing FID...
    FID: 116.7833 ✅
  Epoch [ 80/150] | G: 416.2195 | D: 24.8467 | ModeVar: 0.0755 | FID: 116.7833
  Epoch [ 81/150] | G: 429.2443 | D: 157.6138 | ModeVar: 0.0670
  Epoch [ 82/150] | G: 448.6936 | D: 83.6784 | ModeVar: 0.1051
  Epoch [ 83/150] | G: 446.7682 | D: -4.1346 | ModeVar: 0.1112
  Epoch [ 84/150] | G: 448.0979 | D: -7.0578 | ModeVar: 0.0852
  Epoch [ 85/150] | G: 454.5290 | D: 47.1702 | ModeVar: 0.0549
  Epoch [ 86/150] | G: 472.2319 | D: -2.5839 | ModeVar: 0.0861
  Epoch [ 87/150] | G: 474.1623 | D: 18.9131 | ModeVar: 0.1086
  Epoch [ 88/150] | G: 474.8280 | D: 34.1986 | ModeVar: 0.0914
  Epoch [ 89/150] | G: 491.4060 | D: 34.5717 | ModeVar: 0.0734
  💾 Checkpoint epoch_090.pth
    Computing FID...
    FID: 119.5934 ✅
  Epoch [ 90/150] | G: 500.1662 | D: 46.5773 | ModeVar: 0.0884 | FID: 119.5934
  Epoch [ 91/150] | G: 500.5047 | D: 15.8486 | ModeVar: 0.0992
  Epoch [ 92/150] | G: 485.3166 | D: 193.9628 | ModeVar: 0.0912
  Epoch [ 93/150] | G: 475.8846 | D: 56.2709 | ModeVar: 0.0917
  Epoch [ 94/150] | G: 485.9911 | D: 11.0394 | ModeVar: 0.0929
  Epoch [ 95/150] | G: 504.1515 | D:  3.2253 | ModeVar: 0.0808
  Epoch [ 96/150] | G: 510.9000 | D: -6.0650 | ModeVar: 0.0712
  Epoch [ 97/150] | G: 495.4678 | D: -0.0615 | ModeVar: 0.0833
  Epoch [ 98/150] | G: 500.9753 | D: -2.9618 | ModeVar: 0.0632
  Epoch [ 99/150] | G: 506.4229 | D: 92.1496 | ModeVar: 0.1047
  💾 Checkpoint epoch_100.pth
    Computing FID...
    FID: 113.1820 ✅
  Epoch [100/150] | G: 498.9238 | D: 17.6207 | ModeVar: 0.1024 | FID: 113.1820
  Epoch [101/150] | G: 512.1643 | D: 71.3482 | ModeVar: 0.0737
  Epoch [102/150] | G: 510.3206 | D: 383.6746 | ModeVar: 0.0759
  Epoch [103/150] | G: 514.7542 | D: 186.4285 | ModeVar: 0.0957
  Epoch [104/150] | G: 529.5277 | D: 45.2142 | ModeVar: 0.0759
  Epoch [105/150] | G: 525.0507 | D: 41.3786 | ModeVar: 0.0827
  Epoch [106/150] | G: 524.4039 | D: 28.3183 | ModeVar: 0.0659
  Epoch [107/150] | G: 518.4679 | D: 22.1636 | ModeVar: 0.0774
  Epoch [108/150] | G: 528.9439 | D:  8.2146 | ModeVar: 0.0990
  Epoch [109/150] | G: 525.6287 | D: 103.4587 | ModeVar: 0.0617
  💾 Checkpoint epoch_110.pth
    Computing FID...
    FID: 100.4529 ✅
  Epoch [110/150] | G: 523.4870 | D:  0.3087 | ModeVar: 0.1238 | FID: 100.4529
  Epoch [111/150] | G: 516.2652 | D: 25.4059 | ModeVar: 0.0725
  Epoch [112/150] | G: 494.6011 | D: 135.6359 | ModeVar: 0.1195
  Epoch [113/150] | G: 502.2252 | D:  3.6173 | ModeVar: 0.1110
  Epoch [114/150] | G: 515.0321 | D: -5.0464 | ModeVar: 0.0777
  Epoch [115/150] | G: 512.5559 | D:  5.8612 | ModeVar: 0.0731
  Epoch [116/150] | G: 516.8275 | D:  2.1509 | ModeVar: 0.0963
  Epoch [117/150] | G: 515.5779 | D: 31.8096 | ModeVar: 0.0885
  Epoch [118/150] | G: 522.3418 | D: 11.4026 | ModeVar: 0.0783
  Epoch [119/150] | G: 527.8178 | D: -5.1826 | ModeVar: 0.0925
  💾 Checkpoint epoch_120.pth
    Computing FID...
    FID: 107.4164 ✅
  Epoch [120/150] | G: 520.6886 | D: -1.8494 | ModeVar: 0.0642 | FID: 107.4164
  Epoch [121/150] | G: 505.7522 | D: -2.9024 | ModeVar: 0.1202
  Epoch [122/150] | G: 510.9784 | D: 17.5476 | ModeVar: 0.0679
  Epoch [123/150] | G: 510.3535 | D: -1.1587 | ModeVar: 0.0803
  Epoch [124/150] | G: 510.7785 | D:  2.1958 | ModeVar: 0.1012
  Epoch [125/150] | G: 498.7423 | D: 91.5827 | ModeVar: 0.1044
  Epoch [126/150] | G: 502.6234 | D: -5.1123 | ModeVar: 0.0755
  Epoch [127/150] | G: 501.6767 | D: 11.6992 | ModeVar: 0.0938
  Epoch [128/150] | G: 504.3571 | D: 33.2228 | ModeVar: 0.0812
  Epoch [129/150] | G: 501.2215 | D: 22.6377 | ModeVar: 0.0787
  💾 Checkpoint epoch_130.pth
    Computing FID...
    FID: 98.3369 ✅
  Epoch [130/150] | G: 495.5013 | D: -5.5026 | ModeVar: 0.1182 | FID: 98.3369
  Epoch [131/150] | G: 500.9725 | D: 191.3560 | ModeVar: 0.1019
  Epoch [132/150] | G: 507.7614 | D: -7.6949 | ModeVar: 0.0774
  Epoch [133/150] | G: 513.2604 | D: 28.3622 | ModeVar: 0.0901
  Epoch [134/150] | G: 519.7827 | D: 51.9936 | ModeVar: 0.0828
  Epoch [135/150] | G: 532.6294 | D: -0.5620 | ModeVar: 0.0785
  Epoch [136/150] | G: 529.4361 | D: 90.6156 | ModeVar: 0.0825
  Epoch [137/150] | G: 514.6094 | D:  7.2161 | ModeVar: 0.0759
  Epoch [138/150] | G: 532.7074 | D: -5.8994 | ModeVar: 0.0989
  Epoch [139/150] | G: 538.8178 | D: 13.9618 | ModeVar: 0.0843
  💾 Checkpoint epoch_140.pth
    Computing FID...
    FID: 94.9687 ✅
  Epoch [140/150] | G: 545.2246 | D: 34.3239 | ModeVar: 0.0826 | FID: 94.9687
  Epoch [141/150] | G: 543.2750 | D: -1.9024 | ModeVar: 0.0841
  Epoch [142/150] | G: 559.9077 | D:  9.8155 | ModeVar: 0.1018
  Epoch [143/150] | G: 557.2667 | D: -3.1387 | ModeVar: 0.1008
  Epoch [144/150] | G: 561.1224 | D: 230.6878 | ModeVar: 0.0822
  Epoch [145/150] | G: 564.8255 | D: 61.7162 | ModeVar: 0.0973
  Epoch [146/150] | G: 579.2039 | D: 19.3474 | ModeVar: 0.0958
  Epoch [147/150] | G: 582.6061 | D:  8.1673 | ModeVar: 0.0816
  Epoch [148/150] | G: 587.1542 | D: -3.6056 | ModeVar: 0.0915
  Epoch [149/150] | G: 589.4923 | D: -6.0859 | ModeVar: 0.0889
  💾 Checkpoint epoch_150.pth
    Computing FID...
    FID: 95.5508 ✅
  Epoch [150/150] | G: 583.4053 | D: 60.8907 | ModeVar: 0.0748 | FID: 95.5508
  ✅ Final model saved
  📊 Partial CSV updated

************************************************************
  ▶ Experiment 5/5: HINGE
************************************************************

============================================================
  DCGAN + EuroSAT | HINGE | 150 Epochs
  Device: cuda
============================================================
  Classes (10): ['AnnualCrop', 'Forest', 'HerbaceousVegetation', 'Highway', 'Industrial', 'Pasture', 'PermanentCrop', 'Residential', 'River', 'SeaLake']
  Total Images: 27000
  G params: 3,576,704
  D params: 2,765,568
  Adam | lr=0.0002 | betas=(0.5,0.999)
  🏆 Best epoch 1 | G: 6.0432
  Epoch [  1/150] | G:  6.0432 | D:  0.8723 | ModeVar: 0.1219
  🏆 Best epoch 2 | G: 2.7379
  Epoch [  2/150] | G:  2.7379 | D:  0.6975 | ModeVar: 0.1255
  🏆 Best epoch 3 | G: 2.0268
  Epoch [  3/150] | G:  2.0268 | D:  0.9926 | ModeVar: 0.0993
  🏆 Best epoch 4 | G: 1.9728
  Epoch [  4/150] | G:  1.9728 | D:  1.0652 | ModeVar: 0.0806
  Epoch [  5/150] | G:  2.0395 | D:  1.0099 | ModeVar: 0.0897
  Epoch [  6/150] | G:  2.1298 | D:  0.9293 | ModeVar: 0.0674
  Epoch [  7/150] | G:  2.2696 | D:  0.7839 | ModeVar: 0.0685
  Epoch [  8/150] | G:  2.3443 | D:  0.7738 | ModeVar: 0.0864
  Epoch [  9/150] | G:  2.3177 | D:  0.7879 | ModeVar: 0.0809
  💾 Checkpoint epoch_010.pth
    Computing FID...
    FID: 116.4631 ✅
  Epoch [ 10/150] | G:  2.3342 | D:  0.7069 | ModeVar: 0.0947 | FID: 116.4631
  Epoch [ 11/150] | G:  2.4778 | D:  0.5960 | ModeVar: 0.0997
  Epoch [ 12/150] | G:  2.5796 | D:  0.5189 | ModeVar: 0.1078
  Epoch [ 13/150] | G:  2.7427 | D:  0.5083 | ModeVar: 0.0865
  Epoch [ 14/150] | G:  2.7754 | D:  0.4822 | ModeVar: 0.0613
  Epoch [ 15/150] | G:  2.7321 | D:  0.4098 | ModeVar: 0.0853
  Epoch [ 16/150] | G:  2.7103 | D:  0.4271 | ModeVar: 0.0872
  Epoch [ 17/150] | G:  2.8107 | D:  0.3639 | ModeVar: 0.1044
  Epoch [ 18/150] | G:  2.8627 | D:  0.3239 | ModeVar: 0.0977
  Epoch [ 19/150] | G:  2.9878 | D:  0.3531 | ModeVar: 0.1234
  💾 Checkpoint epoch_020.pth
    Computing FID...
    FID: 78.9391 ✅
  Epoch [ 20/150] | G:  2.9911 | D:  0.3519 | ModeVar: 0.0718 | FID: 78.9391
  Epoch [ 21/150] | G:  3.0001 | D:  0.2699 | ModeVar: 0.0976
  Epoch [ 22/150] | G:  3.1018 | D:  0.3152 | ModeVar: 0.0927
  Epoch [ 23/150] | G:  3.2162 | D:  0.2741 | ModeVar: 0.0699
  Epoch [ 24/150] | G:  3.0762 | D:  0.2839 | ModeVar: 0.0816
  Epoch [ 25/150] | G:  3.2253 | D:  0.2321 | ModeVar: 0.0754
  Epoch [ 26/150] | G:  3.2083 | D:  0.2855 | ModeVar: 0.0987
  Epoch [ 27/150] | G:  3.1673 | D:  0.2222 | ModeVar: 0.0790
  Epoch [ 28/150] | G:  3.3068 | D:  0.2643 | ModeVar: 0.0918
  Epoch [ 29/150] | G:  3.3168 | D:  0.2399 | ModeVar: 0.0911
  💾 Checkpoint epoch_030.pth
    Computing FID...
    FID: 70.3527 ✅
  Epoch [ 30/150] | G:  3.3315 | D:  0.2231 | ModeVar: 0.0808 | FID: 70.3527
  Epoch [ 31/150] | G:  3.3089 | D:  0.1708 | ModeVar: 0.0964
  Epoch [ 32/150] | G:  3.4716 | D:  0.2420 | ModeVar: 0.0891
  Epoch [ 33/150] | G:  3.4181 | D:  0.2090 | ModeVar: 0.0740
  Epoch [ 34/150] | G:  3.3353 | D:  0.2027 | ModeVar: 0.0964
  Epoch [ 35/150] | G:  3.5710 | D:  0.2252 | ModeVar: 0.1347
  Epoch [ 36/150] | G:  3.4649 | D:  0.1833 | ModeVar: 0.1079
  Epoch [ 37/150] | G:  3.6154 | D:  0.1723 | ModeVar: 0.1090
  Epoch [ 38/150] | G:  3.6390 | D:  0.1921 | ModeVar: 0.0483
  Epoch [ 39/150] | G:  3.5379 | D:  0.1480 | ModeVar: 0.0870
  💾 Checkpoint epoch_040.pth
    Computing FID...
    FID: 58.0955 ✅
  Epoch [ 40/150] | G:  3.6497 | D:  0.1895 | ModeVar: 0.0640 | FID: 58.0955
  Epoch [ 41/150] | G:  3.7519 | D:  0.1737 | ModeVar: 0.0790
  Epoch [ 42/150] | G:  3.8267 | D:  0.1532 | ModeVar: 0.0734
  Epoch [ 43/150] | G:  3.7263 | D:  0.2234 | ModeVar: 0.0792
  Epoch [ 44/150] | G:  3.9304 | D:  0.1796 | ModeVar: 0.0987
  Epoch [ 45/150] | G:  3.8458 | D:  0.2010 | ModeVar: 0.0774
  Epoch [ 46/150] | G:  3.8221 | D:  0.1794 | ModeVar: 0.0833
  Epoch [ 47/150] | G:  3.9058 | D:  0.1892 | ModeVar: 0.0902
  Epoch [ 48/150] | G:  3.9130 | D:  0.2225 | ModeVar: 0.0694
  Epoch [ 49/150] | G:  3.9207 | D:  0.1487 | ModeVar: 0.0578
  💾 Checkpoint epoch_050.pth
    Computing FID...
    FID: 47.8325 ✅
  Epoch [ 50/150] | G:  4.1022 | D:  0.1506 | ModeVar: 0.0440 | FID: 47.8325
  Epoch [ 51/150] | G:  4.0209 | D:  0.2539 | ModeVar: 0.0676
  Epoch [ 52/150] | G:  3.8454 | D:  0.1443 | ModeVar: 0.0595
  Epoch [ 53/150] | G:  4.0071 | D:  0.1475 | ModeVar: 0.0216
  Epoch [ 54/150] | G:  4.1423 | D:  0.1592 | ModeVar: 0.0522
  Epoch [ 55/150] | G:  4.1777 | D:  0.1880 | ModeVar: 0.0510
  Epoch [ 56/150] | G:  4.0962 | D:  0.1401 | ModeVar: 0.0748
  Epoch [ 57/150] | G:  4.0433 | D:  0.1933 | ModeVar: 0.0595
  Epoch [ 58/150] | G:  4.0962 | D:  0.1455 | ModeVar: 0.0454
  Epoch [ 59/150] | G:  4.0870 | D:  0.1051 | ModeVar: 0.0574
  💾 Checkpoint epoch_060.pth
    Computing FID...
    FID: 56.7366 ✅
  Epoch [ 60/150] | G:  4.0970 | D:  0.2099 | ModeVar: 0.0565 | FID: 56.7366
  Epoch [ 61/150] | G:  4.1676 | D:  0.1986 | ModeVar: 0.0585
  Epoch [ 62/150] | G:  4.0464 | D:  0.2204 | ModeVar: 0.0875
  Epoch [ 63/150] | G:  3.9770 | D:  0.1308 | ModeVar: 0.0614
  Epoch [ 64/150] | G:  4.0770 | D:  0.1521 | ModeVar: 0.0542
  Epoch [ 65/150] | G:  3.9710 | D:  0.1136 | ModeVar: 0.0548
  Epoch [ 66/150] | G:  4.1990 | D:  0.1488 | ModeVar: 0.0521
  Epoch [ 67/150] | G:  4.1325 | D:  0.1347 | ModeVar: 0.0677
  Epoch [ 68/150] | G:  4.1970 | D:  0.1944 | ModeVar: 0.0618
  Epoch [ 69/150] | G:  4.3347 | D:  0.1448 | ModeVar: 0.0506
  💾 Checkpoint epoch_070.pth
    Computing FID...
    FID: 48.8172 ✅
  Epoch [ 70/150] | G:  4.1719 | D:  0.1218 | ModeVar: 0.0699 | FID: 48.8172
  Epoch [ 71/150] | G:  4.2096 | D:  0.1333 | ModeVar: 0.0481
  Epoch [ 72/150] | G:  4.4437 | D:  0.1500 | ModeVar: 0.0388
  Epoch [ 73/150] | G:  4.1879 | D:  0.1335 | ModeVar: 0.0685
  Epoch [ 74/150] | G:  4.4506 | D:  0.1373 | ModeVar: 0.0485
  Epoch [ 75/150] | G:  4.3882 | D:  0.1513 | ModeVar: 0.0518
  Epoch [ 76/150] | G:  4.3685 | D:  0.1334 | ModeVar: 0.0679
  Epoch [ 77/150] | G:  4.3738 | D:  0.0993 | ModeVar: 0.0530
  Epoch [ 78/150] | G:  4.4350 | D:  0.1374 | ModeVar: 0.0453
  Epoch [ 79/150] | G:  4.4356 | D:  0.1091 | ModeVar: 0.0603
  💾 Checkpoint epoch_080.pth
    Computing FID...
    FID: 56.8175 ✅
  Epoch [ 80/150] | G:  4.4324 | D:  0.1319 | ModeVar: 0.0558 | FID: 56.8175
  Epoch [ 81/150] | G:  4.4012 | D:  0.2303 | ModeVar: 0.0643
  Epoch [ 82/150] | G:  4.2317 | D:  0.1214 | ModeVar: 0.0446
  Epoch [ 83/150] | G:  4.3138 | D:  0.1185 | ModeVar: 0.0444
  Epoch [ 84/150] | G:  4.3813 | D:  0.1451 | ModeVar: 0.0653
  Epoch [ 85/150] | G:  4.4189 | D:  0.1561 | ModeVar: 0.0471
  Epoch [ 86/150] | G:  4.3367 | D:  0.1319 | ModeVar: 0.0485
  Epoch [ 87/150] | G:  4.3929 | D:  0.1470 | ModeVar: 0.0542
  Epoch [ 88/150] | G:  4.4026 | D:  0.1351 | ModeVar: 0.0563
  Epoch [ 89/150] | G:  4.2993 | D:  0.1301 | ModeVar: 0.0450
  💾 Checkpoint epoch_090.pth
    Computing FID...
    FID: 48.1861 ✅
  Epoch [ 90/150] | G:  4.2476 | D:  0.1902 | ModeVar: 0.0482 | FID: 48.1861
  Epoch [ 91/150] | G:  4.2333 | D:  0.1210 | ModeVar: 0.0604
  Epoch [ 92/150] | G:  4.2347 | D:  0.1199 | ModeVar: 0.0449
  Epoch [ 93/150] | G:  4.5033 | D:  0.1953 | ModeVar: 0.0369
  Epoch [ 94/150] | G:  4.1676 | D:  0.1395 | ModeVar: 0.0408
  Epoch [ 95/150] | G:  4.2712 | D:  0.1406 | ModeVar: 0.0447
  Epoch [ 96/150] | G:  4.3251 | D:  0.1389 | ModeVar: 0.0573
  Epoch [ 97/150] | G:  4.4277 | D:  0.1466 | ModeVar: 0.0581
  Epoch [ 98/150] | G:  4.2619 | D:  0.1116 | ModeVar: 0.0450
  Epoch [ 99/150] | G:  4.3307 | D:  0.1376 | ModeVar: 0.0558
  💾 Checkpoint epoch_100.pth
    Computing FID...
    FID: 50.8381 ✅
  Epoch [100/150] | G:  4.2930 | D:  0.1442 | ModeVar: 0.0559 | FID: 50.8381
  Epoch [101/150] | G:  4.3615 | D:  0.1096 | ModeVar: 0.0689
  Epoch [102/150] | G:  4.3601 | D:  0.1483 | ModeVar: 0.0548
  Epoch [103/150] | G:  4.3289 | D:  0.1537 | ModeVar: 0.0475
  Epoch [104/150] | G:  4.1503 | D:  0.1255 | ModeVar: 0.0584
  Epoch [105/150] | G:  4.3981 | D:  0.1523 | ModeVar: 0.0545
  Epoch [106/150] | G:  4.3085 | D:  0.1256 | ModeVar: 0.0584
  Epoch [107/150] | G:  4.2751 | D:  0.1278 | ModeVar: 0.0522
  Epoch [108/150] | G:  4.3757 | D:  0.1351 | ModeVar: 0.0670
  Epoch [109/150] | G:  4.2430 | D:  0.1260 | ModeVar: 0.0547
  💾 Checkpoint epoch_110.pth
    Computing FID...
    FID: 56.4389 ✅
  Epoch [110/150] | G:  4.2688 | D:  0.1209 | ModeVar: 0.0462 | FID: 56.4389
  Epoch [111/150] | G:  4.3782 | D:  0.1659 | ModeVar: 0.0648
  Epoch [112/150] | G:  4.3038 | D:  0.1257 | ModeVar: 0.0637
  Epoch [113/150] | G:  4.3092 | D:  0.1164 | ModeVar: 0.0486
  Epoch [114/150] | G:  4.3153 | D:  0.1267 | ModeVar: 0.0465
  Epoch [115/150] | G:  4.3708 | D:  0.1304 | ModeVar: 0.0461
  Epoch [116/150] | G:  4.3587 | D:  0.1307 | ModeVar: 0.0476
  Epoch [117/150] | G:  4.1523 | D:  0.1627 | ModeVar: 0.0556
  Epoch [118/150] | G:  4.0672 | D:  0.1433 | ModeVar: 0.0518
  Epoch [119/150] | G:  4.2019 | D:  0.1275 | ModeVar: 0.0598
  💾 Checkpoint epoch_120.pth
    Computing FID...
    FID: 48.8285 ✅
  Epoch [120/150] | G:  4.3327 | D:  0.1370 | ModeVar: 0.0568 | FID: 48.8285
  Epoch [121/150] | G:  4.2621 | D:  0.1331 | ModeVar: 0.0447
  Epoch [122/150] | G:  4.3070 | D:  0.1277 | ModeVar: 0.0514
  Epoch [123/150] | G:  4.4067 | D:  0.1157 | ModeVar: 0.0508
  Epoch [124/150] | G:  4.4536 | D:  0.1384 | ModeVar: 0.0550
  Epoch [125/150] | G:  4.3304 | D:  0.1387 | ModeVar: 0.0539
  Epoch [126/150] | G:  4.2726 | D:  0.1226 | ModeVar: 0.0599
  Epoch [127/150] | G:  4.3900 | D:  0.1294 | ModeVar: 0.0816
  Epoch [128/150] | G:  4.3902 | D:  0.1198 | ModeVar: 0.0609
  Epoch [129/150] | G:  4.3688 | D:  0.1474 | ModeVar: 0.0597
  💾 Checkpoint epoch_130.pth
    Computing FID...
    FID: 43.5463 ✅
  Epoch [130/150] | G:  4.3462 | D:  0.1709 | ModeVar: 0.0607 | FID: 43.5463
  Epoch [131/150] | G:  4.2105 | D:  0.1047 | ModeVar: 0.0535
  Epoch [132/150] | G:  4.3869 | D:  0.1199 | ModeVar: 0.0640
  Epoch [133/150] | G:  4.3423 | D:  0.1442 | ModeVar: 0.0692
  Epoch [134/150] | G:  4.5110 | D:  0.1299 | ModeVar: 0.0750
  Epoch [135/150] | G:  4.3931 | D:  0.1224 | ModeVar: 0.0494
  Epoch [136/150] | G:  4.4806 | D:  0.1069 | ModeVar: 0.0632
  Epoch [137/150] | G:  4.3551 | D:  0.1059 | ModeVar: 0.0532
  Epoch [138/150] | G:  4.5409 | D:  0.1451 | ModeVar: 0.0587
  Epoch [139/150] | G:  4.4466 | D:  0.1011 | ModeVar: 0.0595
  💾 Checkpoint epoch_140.pth
    Computing FID...
    FID: 48.1900 ✅
  Epoch [140/150] | G:  4.6408 | D:  0.1148 | ModeVar: 0.0600 | FID: 48.1900
  Epoch [141/150] | G:  4.4484 | D:  0.1316 | ModeVar: 0.0582
  Epoch [142/150] | G:  4.4383 | D:  0.1100 | ModeVar: 0.0660
  Epoch [143/150] | G:  4.4579 | D:  0.1187 | ModeVar: 0.0611
  Epoch [144/150] | G:  4.5215 | D:  0.1250 | ModeVar: 0.0545
  Epoch [145/150] | G:  4.4991 | D:  0.1086 | ModeVar: 0.0629
  Epoch [146/150] | G:  4.4800 | D:  0.1839 | ModeVar: 0.0657
  Epoch [147/150] | G:  4.3638 | D:  0.0864 | ModeVar: 0.0694
  Epoch [148/150] | G:  4.4184 | D:  0.1280 | ModeVar: 0.0605
  Epoch [149/150] | G:  4.5314 | D:  0.0713 | ModeVar: 0.0529
  💾 Checkpoint epoch_150.pth
    Computing FID...
    FID: 48.8761 ✅
  Epoch [150/150] | G:  4.4938 | D:  0.1319 | ModeVar: 0.0699 | FID: 48.8761
  ✅ Final model saved
  📊 Partial CSV updated

✅ Final CSV saved

  Exp_No     Dataset Architecture Optimizer Loss_Type  Epochs  Final_G_Loss  Final_D_Loss  FID_Score  ModeVariance
      1 EuroSAT_RGB        DCGAN      Adam  standard     150        6.6873        0.0593    40.8980        0.0429
      2 EuroSAT_RGB        DCGAN      Adam     lsgan     150        0.4821        0.0471    39.9079        0.0580
      3 EuroSAT_RGB        DCGAN      Adam      wgan     150        0.0103       -0.0907   102.8810        0.1188
      4 EuroSAT_RGB        DCGAN      Adam    wgangp     150      583.4053       60.8907    95.5508        0.0786
      5 EuroSAT_RGB        DCGAN      Adam     hinge     150        4.4938        0.1319    48.8761        0.0671
✅ Loss curves saved
✅ FID plot saved

############################################################
  🎉 ALL 5 EUROSAT EXPERIMENTS DONE!
  📁 /home/2024mcsecs014/project/euro/eurosat_output
############################################################
