no change     /apps/anaconda3/condabin/conda
no change     /apps/anaconda3/bin/conda
no change     /apps/anaconda3/bin/conda-env
no change     /apps/anaconda3/bin/activate
no change     /apps/anaconda3/bin/deactivate
no change     /apps/anaconda3/etc/profile.d/conda.sh
no change     /apps/anaconda3/etc/fish/conf.d/conda.fish
no change     /apps/anaconda3/shell/condabin/Conda.psm1
no change     /apps/anaconda3/shell/condabin/conda-hook.ps1
no change     /apps/anaconda3/lib/python3.11/site-packages/xontrib/conda.xsh
no change     /apps/anaconda3/etc/profile.d/conda.csh
no change     /home/2024mcsecs014/.bashrc
No action taken.
Using device: cuda
📁 Output : /home/2024mcsecs014/project/euro/eurosat_output
📂 Dataset: /home/2024mcsecs014/dataset/eurosat/EuroSAT_RGB

Loading Inception v3...
✅ Inception loaded

############################################################
  DATASET      : EuroSAT RGB
  ARCHITECTURE : DCGAN (ngf=64, ndf=64)
  OPTIMIZER    : Adam
  EXPERIMENTS  : ['standard', 'lsgan', 'wgan', 'wgangp', 'hinge']
  EPOCHS       : 50 each
  TOTAL EPOCHS : 250
  DEVICE       : cuda
############################################################

************************************************************
  ▶  Experiment 1/5: STANDARD
************************************************************

============================================================
  DCGAN + EuroSAT | STANDARD | 50 Epochs
  Device: cuda
============================================================
  Classes (3): ['AnnualCrop', 'Forest', 'HerbaceousVegetation']
  Total Images: 6294
  G params : 3,576,704
  D params : 2,765,568
  Adam | lr=0.0002 | betas=(0.5,0.999) | n_critic=1
  🏆 Best epoch 1 | G: 22.9156
  Epoch [  1/50] | G: 22.9156 | D:  0.1021 | ModeVar: 0.0425
  Epoch [  2/50] | G: 28.3493 | D:  0.0695 | ModeVar: 0.0428
  🏆 Best epoch 3 | G: 5.8621
  Epoch [  3/50] | G:  5.8621 | D:  0.3591 | ModeVar: 0.1075
  🏆 Best epoch 4 | G: 2.2320
  Epoch [  4/50] | G:  2.2320 | D:  0.4870 | ModeVar: 0.1724
  Epoch [  5/50] | G:  2.8695 | D:  0.3394 | ModeVar: 0.2432
  Epoch [  6/50] | G:  4.3684 | D:  0.2205 | ModeVar: 0.2222
  Epoch [  7/50] | G:  4.9556 | D:  0.1203 | ModeVar: 0.1299
  Epoch [  8/50] | G:  4.8278 | D:  0.3097 | ModeVar: 0.1531
  Epoch [  9/50] | G:  3.0949 | D:  0.3469 | ModeVar: 0.1964
  💾 Checkpoint → epoch_010.pth
    Computing FID...
    FID: 197.5434 ✅
  Epoch [ 10/50] | G:  3.3837 | D:  0.2306 | ModeVar: 0.1191 | FID: 197.5434
  Epoch [ 11/50] | G:  3.8019 | D:  0.3553 | ModeVar: 0.1368
  Epoch [ 12/50] | G:  2.7554 | D:  0.3733 | ModeVar: 0.1266
  Epoch [ 13/50] | G:  2.4978 | D:  0.3629 | ModeVar: 0.1509
  Epoch [ 14/50] | G:  2.7771 | D:  0.3582 | ModeVar: 0.1508
  Epoch [ 15/50] | G:  3.0862 | D:  0.3731 | ModeVar: 0.1352
  Epoch [ 16/50] | G:  2.8061 | D:  0.3625 | ModeVar: 0.1220
  Epoch [ 17/50] | G:  2.3429 | D:  0.4180 | ModeVar: 0.0960
  Epoch [ 18/50] | G:  2.5103 | D:  0.3627 | ModeVar: 0.1142
  Epoch [ 19/50] | G:  2.9175 | D:  0.2864 | ModeVar: 0.1127
  💾 Checkpoint → epoch_020.pth
    Computing FID...
    FID: 124.7695 ✅
  Epoch [ 20/50] | G:  2.8990 | D:  0.3216 | ModeVar: 0.1076 | FID: 124.7695
  Epoch [ 21/50] | G:  3.0193 | D:  0.3104 | ModeVar: 0.1189
  Epoch [ 22/50] | G:  3.0382 | D:  0.3450 | ModeVar: 0.1025
  Epoch [ 23/50] | G:  2.7358 | D:  0.3683 | ModeVar: 0.1116
  Epoch [ 24/50] | G:  2.9105 | D:  0.3501 | ModeVar: 0.1230
  Epoch [ 25/50] | G:  3.2073 | D:  0.2718 | ModeVar: 0.0953
  Epoch [ 26/50] | G:  2.8655 | D:  0.2852 | ModeVar: 0.1141
  Epoch [ 27/50] | G:  3.1655 | D:  0.2540 | ModeVar: 0.1143
  Epoch [ 28/50] | G:  3.0640 | D:  0.3606 | ModeVar: 0.1002
  Epoch [ 29/50] | G:  2.7267 | D:  0.2739 | ModeVar: 0.0709
  💾 Checkpoint → epoch_030.pth
    Computing FID...
    FID: 95.4180 ✅
  Epoch [ 30/50] | G:  3.0334 | D:  0.3224 | ModeVar: 0.0971 | FID: 95.4180
  Epoch [ 31/50] | G:  2.7553 | D:  0.3207 | ModeVar: 0.1091
  Epoch [ 32/50] | G:  3.2266 | D:  0.1966 | ModeVar: 0.1029
  Epoch [ 33/50] | G:  3.1444 | D:  0.1954 | ModeVar: 0.1011
  Epoch [ 34/50] | G:  3.3313 | D:  0.3098 | ModeVar: 0.0859
  Epoch [ 35/50] | G:  3.3491 | D:  0.1697 | ModeVar: 0.0805
  Epoch [ 36/50] | G:  3.5793 | D:  0.2034 | ModeVar: 0.0722
  Epoch [ 37/50] | G:  3.6887 | D:  0.2243 | ModeVar: 0.1057
  Epoch [ 38/50] | G:  3.3853 | D:  0.3126 | ModeVar: 0.1228
  Epoch [ 39/50] | G:  3.5164 | D:  0.2212 | ModeVar: 0.1008
  💾 Checkpoint → epoch_040.pth
    Computing FID...
    FID: 94.7176 ✅
  Epoch [ 40/50] | G:  3.4737 | D:  0.1843 | ModeVar: 0.1176 | FID: 94.7176
  Epoch [ 41/50] | G:  3.6561 | D:  0.2316 | ModeVar: 0.0782
  Epoch [ 42/50] | G:  3.5373 | D:  0.2286 | ModeVar: 0.0860
  Epoch [ 43/50] | G:  4.0069 | D:  0.1532 | ModeVar: 0.0983
  Epoch [ 44/50] | G:  3.8521 | D:  0.1611 | ModeVar: 0.1132
  Epoch [ 45/50] | G:  3.7873 | D:  0.3755 | ModeVar: 0.0820
  Epoch [ 46/50] | G:  3.6792 | D:  0.2301 | ModeVar: 0.1177
  Epoch [ 47/50] | G:  3.4661 | D:  0.2114 | ModeVar: 0.0911
  Epoch [ 48/50] | G:  3.6887 | D:  0.2309 | ModeVar: 0.1377
  Epoch [ 49/50] | G:  3.3444 | D:  0.1679 | ModeVar: 0.1305
  💾 Checkpoint → epoch_050.pth
    Computing FID...
    FID: 97.4559 ✅
  Epoch [ 50/50] | G:  3.5100 | D:  0.1955 | ModeVar: 0.1048 | FID: 97.4559
  ✅ Model saved → /home/2024mcsecs014/project/euro/eurosat_output/models/final

************************************************************
  ▶  Experiment 2/5: LSGAN
************************************************************

============================================================
  DCGAN + EuroSAT | LSGAN | 50 Epochs
  Device: cuda
============================================================
  Classes (4): ['AnnualCrop', 'Forest', 'HerbaceousVegetation', 'Highway']
  Total Images: 9970
  G params : 3,576,704
  D params : 2,765,568
  Adam | lr=0.0002 | betas=(0.5,0.999) | n_critic=1
  🏆 Best epoch 1 | G: 9.7819
  Epoch [  1/50] | G:  9.7819 | D:  2.9639 | ModeVar: 0.0433
  🏆 Best epoch 2 | G: 5.2542
  Epoch [  2/50] | G:  5.2542 | D:  1.6928 | ModeVar: 0.0352
  🏆 Best epoch 3 | G: 1.4649
  Epoch [  3/50] | G:  1.4649 | D:  0.4221 | ModeVar: 0.0206
  🏆 Best epoch 4 | G: 0.4965
  Epoch [  4/50] | G:  0.4965 | D:  0.1047 | ModeVar: 0.0198
  🏆 Best epoch 5 | G: 0.4132
  Epoch [  5/50] | G:  0.4132 | D:  0.1290 | ModeVar: 0.0344
  🏆 Best epoch 6 | G: 0.3647
  Epoch [  6/50] | G:  0.3647 | D:  0.1264 | ModeVar: 0.0501
  🏆 Best epoch 7 | G: 0.3554
  Epoch [  7/50] | G:  0.3554 | D:  0.1341 | ModeVar: 0.0589
  Epoch [  8/50] | G:  0.3591 | D:  0.1593 | ModeVar: 0.0817
  🏆 Best epoch 9 | G: 0.3289
  Epoch [  9/50] | G:  0.3289 | D:  0.1657 | ModeVar: 0.0845
  💾 Checkpoint → epoch_010.pth
    Computing FID...
    FID: 150.7258 ✅
  Epoch [ 10/50] | G:  0.3532 | D:  0.1682 | ModeVar: 0.0773 | FID: 150.7258
  Epoch [ 11/50] | G:  0.4551 | D:  0.1348 | ModeVar: 0.0881
  Epoch [ 12/50] | G:  0.4935 | D:  0.0998 | ModeVar: 0.1007
  Epoch [ 13/50] | G:  0.5017 | D:  0.0966 | ModeVar: 0.0995
  Epoch [ 14/50] | G:  0.4501 | D:  0.1283 | ModeVar: 0.1018
  Epoch [ 15/50] | G:  0.3585 | D:  0.1576 | ModeVar: 0.1054
  Epoch [ 16/50] | G:  0.4276 | D:  0.1251 | ModeVar: 0.1084
  Epoch [ 17/50] | G:  0.4210 | D:  0.1283 | ModeVar: 0.1090
  Epoch [ 18/50] | G:  0.4279 | D:  0.1449 | ModeVar: 0.0927
  Epoch [ 19/50] | G:  0.3473 | D:  0.1629 | ModeVar: 0.1023
  💾 Checkpoint → epoch_020.pth
    Computing FID...
    FID: 168.6597 ✅
  Epoch [ 20/50] | G:  0.3605 | D:  0.1842 | ModeVar: 0.1098 | FID: 168.6597
  Epoch [ 21/50] | G:  0.3888 | D:  0.1823 | ModeVar: 0.1264
  Epoch [ 22/50] | G:  0.3854 | D:  0.1819 | ModeVar: 0.1024
  Epoch [ 23/50] | G:  0.3715 | D:  0.1807 | ModeVar: 0.0878
  Epoch [ 24/50] | G:  0.3860 | D:  0.1917 | ModeVar: 0.0975
  Epoch [ 25/50] | G:  0.3979 | D:  0.1988 | ModeVar: 0.0738
  Epoch [ 26/50] | G:  0.3820 | D:  0.1925 | ModeVar: 0.1024
  Epoch [ 27/50] | G:  0.3886 | D:  0.1646 | ModeVar: 0.0949
  Epoch [ 28/50] | G:  0.4085 | D:  0.1837 | ModeVar: 0.1189
  Epoch [ 29/50] | G:  0.3680 | D:  0.1866 | ModeVar: 0.1070
  💾 Checkpoint → epoch_030.pth
    Computing FID...
    FID: 137.0922 ✅
  Epoch [ 30/50] | G:  0.3760 | D:  0.1877 | ModeVar: 0.0968 | FID: 137.0922
  Epoch [ 31/50] | G:  0.3672 | D:  0.1928 | ModeVar: 0.0940
  Epoch [ 32/50] | G:  0.3751 | D:  0.1654 | ModeVar: 0.0978
  Epoch [ 33/50] | G:  0.4101 | D:  0.1767 | ModeVar: 0.1054
  Epoch [ 34/50] | G:  0.3732 | D:  0.1990 | ModeVar: 0.0815
  Epoch [ 35/50] | G:  0.3426 | D:  0.1990 | ModeVar: 0.0996
  Epoch [ 36/50] | G:  0.3693 | D:  0.1903 | ModeVar: 0.0966
  Epoch [ 37/50] | G:  0.3802 | D:  0.1898 | ModeVar: 0.1070
  Epoch [ 38/50] | G:  0.3831 | D:  0.1764 | ModeVar: 0.1163
  Epoch [ 39/50] | G:  0.4043 | D:  0.1733 | ModeVar: 0.1136
  💾 Checkpoint → epoch_040.pth
    Computing FID...
    FID: 122.0704 ✅
  Epoch [ 40/50] | G:  0.4094 | D:  0.1685 | ModeVar: 0.1031 | FID: 122.0704
  Epoch [ 41/50] | G:  0.4173 | D:  0.1626 | ModeVar: 0.1014
  Epoch [ 42/50] | G:  0.4287 | D:  0.1604 | ModeVar: 0.0954
  Epoch [ 43/50] | G:  0.4481 | D:  0.1368 | ModeVar: 0.1466
  Epoch [ 44/50] | G:  0.4620 | D:  0.1278 | ModeVar: 0.1065
  Epoch [ 45/50] | G:  0.4791 | D:  0.1329 | ModeVar: 0.1364
  Epoch [ 46/50] | G:  0.4593 | D:  0.1443 | ModeVar: 0.0898
  Epoch [ 47/50] | G:  0.4449 | D:  0.1215 | ModeVar: 0.1166
  Epoch [ 48/50] | G:  0.4577 | D:  0.1328 | ModeVar: 0.1182
  Epoch [ 49/50] | G:  0.4416 | D:  0.1312 | ModeVar: 0.0844
  💾 Checkpoint → epoch_050.pth
    Computing FID...
    FID: 121.1323 ✅
  Epoch [ 50/50] | G:  0.4440 | D:  0.1451 | ModeVar: 0.0959 | FID: 121.1323
  ✅ Model saved → /home/2024mcsecs014/project/euro/eurosat_output/models/final

************************************************************
  ▶  Experiment 3/5: WGAN
************************************************************

============================================================
  DCGAN + EuroSAT | WGAN | 50 Epochs
  Device: cuda
============================================================
  Classes (7): ['AnnualCrop', 'Forest', 'HerbaceousVegetation', 'Highway', 'Industrial', 'Pasture', 'PermanentCrop']
  Total Images: 17308
  G params : 3,576,704
  D params : 2,765,568
  Adam TTUR | lr_G=0.0001 | lr_D=0.0004 | n_critic=5
  🏆 Best epoch 1 | G: 0.7623
  Epoch [  1/50] | G:  0.7623 | D: -1.4759 | ModeVar: 0.0742
  🏆 Best epoch 2 | G: 0.6727
  Epoch [  2/50] | G:  0.6727 | D: -1.2900 | ModeVar: 0.0913
  🏆 Best epoch 3 | G: 0.6407
  Epoch [  3/50] | G:  0.6407 | D: -1.2002 | ModeVar: 0.1188
  🏆 Best epoch 4 | G: 0.5475
  Epoch [  4/50] | G:  0.5475 | D: -1.0886 | ModeVar: 0.1003
  🏆 Best epoch 5 | G: 0.5359
  Epoch [  5/50] | G:  0.5359 | D: -1.0331 | ModeVar: 0.0885
  🏆 Best epoch 6 | G: 0.3811
  Epoch [  6/50] | G:  0.3811 | D: -0.7857 | ModeVar: 0.0819
  🏆 Best epoch 7 | G: 0.3300
  Epoch [  7/50] | G:  0.3300 | D: -0.7555 | ModeVar: 0.0932
  🏆 Best epoch 8 | G: 0.2861
  Epoch [  8/50] | G:  0.2861 | D: -0.7286 | ModeVar: 0.0905
  Epoch [  9/50] | G:  0.3496 | D: -0.6990 | ModeVar: 0.0913
  💾 Checkpoint → epoch_010.pth
    Computing FID...
    FID: 161.1360 ✅
  Epoch [ 10/50] | G:  0.3089 | D: -0.6646 | ModeVar: 0.0989 | FID: 161.1360
  🏆 Best epoch 11 | G: 0.2829
  Epoch [ 11/50] | G:  0.2829 | D: -0.6146 | ModeVar: 0.0980
  Epoch [ 12/50] | G:  0.2990 | D: -0.5995 | ModeVar: 0.0994
  Epoch [ 13/50] | G:  0.2988 | D: -0.5880 | ModeVar: 0.0912
  Epoch [ 14/50] | G:  0.3040 | D: -0.5652 | ModeVar: 0.1021
  Epoch [ 15/50] | G:  0.2986 | D: -0.5591 | ModeVar: 0.0942
  Epoch [ 16/50] | G:  0.2991 | D: -0.5638 | ModeVar: 0.0972
  🏆 Best epoch 17 | G: 0.2736
  Epoch [ 17/50] | G:  0.2736 | D: -0.5433 | ModeVar: 0.1069
  🏆 Best epoch 18 | G: 0.2669
  Epoch [ 18/50] | G:  0.2669 | D: -0.5277 | ModeVar: 0.0929
  🏆 Best epoch 19 | G: 0.2477
  Epoch [ 19/50] | G:  0.2477 | D: -0.5147 | ModeVar: 0.0949
  💾 Checkpoint → epoch_020.pth
  🏆 Best epoch 20 | G: 0.2444
    Computing FID...
    FID: 132.4944 ✅
  Epoch [ 20/50] | G:  0.2444 | D: -0.5339 | ModeVar: 0.1252 | FID: 132.4944
  🏆 Best epoch 21 | G: 0.1903
  Epoch [ 21/50] | G:  0.1903 | D: -0.5576 | ModeVar: 0.1256
  Epoch [ 22/50] | G:  0.2548 | D: -0.5939 | ModeVar: 0.1263
  Epoch [ 23/50] | G:  0.2551 | D: -0.5561 | ModeVar: 0.1281
  Epoch [ 24/50] | G:  0.2674 | D: -0.5727 | ModeVar: 0.1102
  🏆 Best epoch 25 | G: 0.1602
  Epoch [ 25/50] | G:  0.1602 | D: -0.5163 | ModeVar: 0.1068
  🏆 Best epoch 26 | G: 0.1600
  Epoch [ 26/50] | G:  0.1600 | D: -0.4710 | ModeVar: 0.1096
  🏆 Best epoch 27 | G: 0.1404
  Epoch [ 27/50] | G:  0.1404 | D: -0.4486 | ModeVar: 0.1052
  Epoch [ 28/50] | G:  0.1580 | D: -0.4444 | ModeVar: 0.1089
  Epoch [ 29/50] | G:  0.1460 | D: -0.4392 | ModeVar: 0.1193
  💾 Checkpoint → epoch_030.pth
    Computing FID...
    FID: 139.8510 ✅
  Epoch [ 30/50] | G:  0.2243 | D: -0.4967 | ModeVar: 0.1322 | FID: 139.8510
  Epoch [ 31/50] | G:  0.2942 | D: -0.5972 | ModeVar: 0.1149
  Epoch [ 32/50] | G:  0.3056 | D: -0.5568 | ModeVar: 0.0954
  Epoch [ 33/50] | G:  0.2755 | D: -0.4894 | ModeVar: 0.0987
  Epoch [ 34/50] | G:  0.2570 | D: -0.4662 | ModeVar: 0.0980
  Epoch [ 35/50] | G:  0.2174 | D: -0.4306 | ModeVar: 0.0958
  Epoch [ 36/50] | G:  0.2162 | D: -0.3979 | ModeVar: 0.0984
  Epoch [ 37/50] | G:  0.1645 | D: -0.4091 | ModeVar: 0.0991
  🏆 Best epoch 38 | G: 0.1343
  Epoch [ 38/50] | G:  0.1343 | D: -0.3751 | ModeVar: 0.1007
  Epoch [ 39/50] | G:  0.1473 | D: -0.3718 | ModeVar: 0.0972
  💾 Checkpoint → epoch_040.pth
    Computing FID...
    FID: 124.5609 ✅
  Epoch [ 40/50] | G:  0.1682 | D: -0.3522 | ModeVar: 0.1089 | FID: 124.5609
  Epoch [ 41/50] | G:  0.1604 | D: -0.3567 | ModeVar: 0.0969
  Epoch [ 42/50] | G:  0.1798 | D: -0.3404 | ModeVar: 0.1061
  Epoch [ 43/50] | G:  0.1699 | D: -0.3420 | ModeVar: 0.1136
  🏆 Best epoch 44 | G: 0.1236
  Epoch [ 44/50] | G:  0.1236 | D: -0.3847 | ModeVar: 0.1177
  Epoch [ 45/50] | G:  0.2054 | D: -0.4236 | ModeVar: 0.1098
  Epoch [ 46/50] | G:  0.1955 | D: -0.4318 | ModeVar: 0.1083
  Epoch [ 47/50] | G:  0.1945 | D: -0.4821 | ModeVar: 0.1181
  Epoch [ 48/50] | G:  0.1425 | D: -0.4677 | ModeVar: 0.1148
  Epoch [ 49/50] | G:  0.1786 | D: -0.4813 | ModeVar: 0.1089
  💾 Checkpoint → epoch_050.pth
    Computing FID...
    FID: 106.5689 ✅
  Epoch [ 50/50] | G:  0.2333 | D: -0.4854 | ModeVar: 0.0868 | FID: 106.5689
  ✅ Model saved → /home/2024mcsecs014/project/euro/eurosat_output/models/final

************************************************************
  ▶  Experiment 4/5: WGANGP
************************************************************

============================================================
  DCGAN + EuroSAT | WGANGP | 50 Epochs
  Device: cuda
============================================================
  Classes (10): ['AnnualCrop', 'Forest', 'HerbaceousVegetation', 'Highway', 'Industrial', 'Pasture', 'PermanentCrop', 'Residential', 'River', 'SeaLake']
  Total Images: 27000
  G params : 3,576,704
  D params : 2,765,568
  Adam TTUR | lr_G=0.0001 | lr_D=0.0004 | n_critic=5
  🏆 Best epoch 1 | G: 37.0665
  Epoch [  1/50] | G: 37.0665 | D: -25.2639 | ModeVar: 0.0460
  🏆 Best epoch 2 | G: 21.5040
  Epoch [  2/50] | G: 21.5040 | D: -9.7064 | ModeVar: 0.0577
  Epoch [  3/50] | G: 33.8011 | D: -8.6332 | ModeVar: 0.0671
  Epoch [  4/50] | G: 43.5304 | D: -7.5201 | ModeVar: 0.0675
  Epoch [  5/50] | G: 60.1407 | D:  9.3161 | ModeVar: 0.0755
  Epoch [  6/50] | G: 71.0929 | D:  7.6273 | ModeVar: 0.0578
  Epoch [  7/50] | G: 74.4864 | D: 28.0111 | ModeVar: 0.0714
  Epoch [  8/50] | G: 95.6812 | D: 49.1184 | ModeVar: 0.0987
  Epoch [  9/50] | G: 110.4398 | D:  5.6529 | ModeVar: 0.0612
  💾 Checkpoint → epoch_010.pth
    Computing FID...
    FID: 147.4841 ✅
  Epoch [ 10/50] | G: 75.6244 | D: -4.3844 | ModeVar: 0.0978 | FID: 147.4841
  Epoch [ 11/50] | G: 97.8606 | D: -7.0316 | ModeVar: 0.0821
  Epoch [ 12/50] | G: 112.5762 | D: -4.7472 | ModeVar: 0.0916
  Epoch [ 13/50] | G: 102.5559 | D: -5.5853 | ModeVar: 0.0748
  Epoch [ 14/50] | G: 121.2827 | D: 45.9509 | ModeVar: 0.1166
  Epoch [ 15/50] | G: 125.4951 | D: 57.5582 | ModeVar: 0.0685
  Epoch [ 16/50] | G: 132.3826 | D: 14.1491 | ModeVar: 0.0885
  Epoch [ 17/50] | G: 142.0797 | D: 220.2991 | ModeVar: 0.0833
  Epoch [ 18/50] | G: 141.4970 | D:  3.8598 | ModeVar: 0.0723
  Epoch [ 19/50] | G: 174.7642 | D: -15.6060 | ModeVar: 0.0938
  💾 Checkpoint → epoch_020.pth
    Computing FID...
    FID: 140.9365 ✅
  Epoch [ 20/50] | G: 165.6711 | D: 421.4497 | ModeVar: 0.0738 | FID: 140.9365
  Epoch [ 21/50] | G: 174.4649 | D: 116.2948 | ModeVar: 0.0679
  Epoch [ 22/50] | G: 199.9432 | D: 61.3825 | ModeVar: 0.0847
  Epoch [ 23/50] | G: 211.1702 | D: 1111.3332 | ModeVar: 0.0834
  Epoch [ 24/50] | G: 198.0571 | D: 40.8823 | ModeVar: 0.0986
  Epoch [ 25/50] | G: 210.1317 | D: 1508.5558 | ModeVar: 0.0854
  Epoch [ 26/50] | G: 241.1978 | D: 46.9794 | ModeVar: 0.0733
  Epoch [ 27/50] | G: 233.1053 | D: 28.3897 | ModeVar: 0.1139
  Epoch [ 28/50] | G: 206.6650 | D: 541.7991 | ModeVar: 0.0845
  Epoch [ 29/50] | G: 236.0318 | D: 143.0524 | ModeVar: 0.0646
  💾 Checkpoint → epoch_030.pth
    Computing FID...
    FID: 204.8774 ✅
  Epoch [ 30/50] | G: 239.6264 | D: 159.1396 | ModeVar: 0.0977 | FID: 204.8774
  Epoch [ 31/50] | G: 227.3213 | D: -15.4192 | ModeVar: 0.0778
  Epoch [ 32/50] | G: 231.6572 | D: 191.2175 | ModeVar: 0.0791
  Epoch [ 33/50] | G: 249.9720 | D: 100.7167 | ModeVar: 0.1060
  Epoch [ 34/50] | G: 270.1793 | D: 47.3788 | ModeVar: 0.0731
  Epoch [ 35/50] | G: 281.3619 | D: 246.1074 | ModeVar: 0.0881
  Epoch [ 36/50] | G: 296.7792 | D: 301.1873 | ModeVar: 0.0793
  Epoch [ 37/50] | G: 304.6176 | D: 271.0636 | ModeVar: 0.0900
  Epoch [ 38/50] | G: 319.9072 | D: 32.2829 | ModeVar: 0.0738
  Epoch [ 39/50] | G: 382.3818 | D: 1748.9985 | ModeVar: 0.0961
  💾 Checkpoint → epoch_040.pth
    Computing FID...
    FID: 122.0056 ✅
  Epoch [ 40/50] | G: 409.4077 | D: 1006.7025 | ModeVar: 0.0756 | FID: 122.0056
  Epoch [ 41/50] | G: 409.8668 | D: 1380.5783 | ModeVar: 0.0703
  Epoch [ 42/50] | G: 365.7223 | D: 87.8321 | ModeVar: 0.0724
  Epoch [ 43/50] | G: 325.3732 | D: 1262.7259 | ModeVar: 0.0825
  Epoch [ 44/50] | G: 349.9918 | D: 64.0069 | ModeVar: 0.1185
  Epoch [ 45/50] | G: 330.2454 | D: 419.3055 | ModeVar: 0.0733
  Epoch [ 46/50] | G: 376.3844 | D: 35.9961 | ModeVar: 0.0797
  Epoch [ 47/50] | G: 367.9549 | D: 101.2252 | ModeVar: 0.0726
  Epoch [ 48/50] | G: 350.3546 | D: 52.4702 | ModeVar: 0.0806
  Epoch [ 49/50] | G: 324.7723 | D: 957.9301 | ModeVar: 0.0626
  💾 Checkpoint → epoch_050.pth
    Computing FID...
    FID: 130.7766 ✅
  Epoch [ 50/50] | G: 333.8394 | D: 164.7819 | ModeVar: 0.0746 | FID: 130.7766
  ✅ Model saved → /home/2024mcsecs014/project/euro/eurosat_output/models/final

************************************************************
  ▶  Experiment 5/5: HINGE
************************************************************

============================================================
  DCGAN + EuroSAT | HINGE | 50 Epochs
  Device: cuda
============================================================
  Classes (10): ['AnnualCrop', 'Forest', 'HerbaceousVegetation', 'Highway', 'Industrial', 'Pasture', 'PermanentCrop', 'Residential', 'River', 'SeaLake']
  Total Images: 27000
  G params : 3,576,704
  D params : 2,765,568
  Adam | lr=0.0002 | betas=(0.5,0.999) | n_critic=1
  🏆 Best epoch 1 | G: 5.6641
  Epoch [  1/50] | G:  5.6641 | D:  0.8649 | ModeVar: 0.0838
  🏆 Best epoch 2 | G: 2.3289
  Epoch [  2/50] | G:  2.3289 | D:  0.9594 | ModeVar: 0.0983
  🏆 Best epoch 3 | G: 2.1283
  Epoch [  3/50] | G:  2.1283 | D:  1.0079 | ModeVar: 0.0821
  Epoch [  4/50] | G:  2.2106 | D:  0.9122 | ModeVar: 0.0554
  Epoch [  5/50] | G:  2.2104 | D:  0.8225 | ModeVar: 0.0794
  Epoch [  6/50] | G:  2.4122 | D:  0.6774 | ModeVar: 0.0784
  Epoch [  7/50] | G:  2.5270 | D:  0.5900 | ModeVar: 0.1049
  Epoch [  8/50] | G:  2.5215 | D:  0.5746 | ModeVar: 0.0998
  Epoch [  9/50] | G:  2.7491 | D:  0.4745 | ModeVar: 0.0882
  💾 Checkpoint → epoch_010.pth
    Computing FID...
    FID: 116.9064 ✅
  Epoch [ 10/50] | G:  2.5997 | D:  0.4440 | ModeVar: 0.0888 | FID: 116.9064
  Epoch [ 11/50] | G:  2.6021 | D:  0.5186 | ModeVar: 0.0855
  Epoch [ 12/50] | G:  2.5005 | D:  0.6156 | ModeVar: 0.0527
  Epoch [ 13/50] | G:  2.6140 | D:  0.4935 | ModeVar: 0.0877
  Epoch [ 14/50] | G:  2.6856 | D:  0.4319 | ModeVar: 0.0884
  Epoch [ 15/50] | G:  2.6753 | D:  0.3407 | ModeVar: 0.0897
  Epoch [ 16/50] | G:  2.6823 | D:  0.3399 | ModeVar: 0.1020
  Epoch [ 17/50] | G:  2.7196 | D:  0.3296 | ModeVar: 0.0816
  Epoch [ 18/50] | G:  2.8633 | D:  0.3279 | ModeVar: 0.1001
  Epoch [ 19/50] | G:  2.9760 | D:  0.2787 | ModeVar: 0.0768
  💾 Checkpoint → epoch_020.pth
    Computing FID...
    FID: 70.4921 ✅
  Epoch [ 20/50] | G:  2.9778 | D:  0.2712 | ModeVar: 0.0740 | FID: 70.4921
  Epoch [ 21/50] | G:  3.0567 | D:  0.2722 | ModeVar: 0.0687
  Epoch [ 22/50] | G:  3.0503 | D:  0.2824 | ModeVar: 0.0670
  Epoch [ 23/50] | G:  3.0099 | D:  0.2310 | ModeVar: 0.0769
  Epoch [ 24/50] | G:  3.1140 | D:  0.2660 | ModeVar: 0.0866
  Epoch [ 25/50] | G:  3.1007 | D:  0.2149 | ModeVar: 0.0791
  Epoch [ 26/50] | G:  3.0944 | D:  0.2523 | ModeVar: 0.0832
  Epoch [ 27/50] | G:  3.1706 | D:  0.2616 | ModeVar: 0.1124
  Epoch [ 28/50] | G:  3.1126 | D:  0.2038 | ModeVar: 0.1054
  Epoch [ 29/50] | G:  3.1674 | D:  0.2357 | ModeVar: 0.0514
  💾 Checkpoint → epoch_030.pth
    Computing FID...
    FID: 62.0199 ✅
  Epoch [ 30/50] | G:  3.2459 | D:  0.2398 | ModeVar: 0.0702 | FID: 62.0199
  Epoch [ 31/50] | G:  3.0906 | D:  0.1860 | ModeVar: 0.0864
  Epoch [ 32/50] | G:  3.1814 | D:  0.2164 | ModeVar: 0.0679
  Epoch [ 33/50] | G:  3.1961 | D:  0.1988 | ModeVar: 0.0840
  Epoch [ 34/50] | G:  3.2245 | D:  0.2334 | ModeVar: 0.0730
  Epoch [ 35/50] | G:  3.3112 | D:  0.1913 | ModeVar: 0.0896
  Epoch [ 36/50] | G:  3.2619 | D:  0.1634 | ModeVar: 0.0659
  Epoch [ 37/50] | G:  3.2790 | D:  0.2231 | ModeVar: 0.0705
  Epoch [ 38/50] | G:  3.3672 | D:  0.1752 | ModeVar: 0.0826
  Epoch [ 39/50] | G:  3.5001 | D:  0.2003 | ModeVar: 0.0997
  💾 Checkpoint → epoch_040.pth
    Computing FID...
    FID: 60.7439 ✅
  Epoch [ 40/50] | G:  3.5361 | D:  0.1733 | ModeVar: 0.0809 | FID: 60.7439
  Epoch [ 41/50] | G:  3.5275 | D:  0.2101 | ModeVar: 0.0520
  Epoch [ 42/50] | G:  3.4992 | D:  0.1618 | ModeVar: 0.0862
  Epoch [ 43/50] | G:  3.6219 | D:  0.1912 | ModeVar: 0.0717
  Epoch [ 44/50] | G:  3.7415 | D:  0.1349 | ModeVar: 0.0710
  Epoch [ 45/50] | G:  3.8728 | D:  0.1738 | ModeVar: 0.0847
  Epoch [ 46/50] | G:  3.7688 | D:  0.1395 | ModeVar: 0.0663
  Epoch [ 47/50] | G:  4.0924 | D:  0.1424 | ModeVar: 0.1020
  Epoch [ 48/50] | G:  4.0068 | D:  0.1701 | ModeVar: 0.0509
  Epoch [ 49/50] | G:  4.0164 | D:  0.1862 | ModeVar: 0.0527
  💾 Checkpoint → epoch_050.pth
    Computing FID...
    FID: 67.0942 ✅
  Epoch [ 50/50] | G:  4.0956 | D:  0.1797 | ModeVar: 0.0543 | FID: 67.0942
  ✅ Model saved → /home/2024mcsecs014/project/euro/eurosat_output/models/final

✅ Final Results → /home/2024mcsecs014/project/euro/eurosat_output/eurosat_results.csv

  Exp_No     Dataset Architecture Optimizer Loss_Type  Epochs  Final_G_Loss  Final_D_Loss  FID_Score  ModeVariance
      1 EuroSAT_RGB        DCGAN      Adam  standard      50        3.5100        0.1955    97.4559        0.1024
      2 EuroSAT_RGB        DCGAN      Adam     lsgan      50        0.4440        0.1451   121.1323        0.0980
      3 EuroSAT_RGB        DCGAN      Adam      wgan      50        0.2333       -0.4854   106.5689        0.1019
      4 EuroSAT_RGB        DCGAN      Adam    wgangp      50      333.8394      164.7819   130.7766        0.0679
      5 EuroSAT_RGB        DCGAN      Adam     hinge      50        4.0956        0.1797    67.0942        0.0505
✅ Loss plot → /home/2024mcsecs014/project/euro/eurosat_output/eurosat_loss_curves.png
✅ FID plot → /home/2024mcsecs014/project/euro/eurosat_output/eurosat_fid_scores.png

############################################################
  🎉 ALL 5 EXPERIMENTS COMPLETE!
  📁 Output: /home/2024mcsecs014/project/euro/eurosat_output
############################################################

  Files:
  ├── eurosat_results.csv
  ├── eurosat_loss_curves.png
  ├── eurosat_fid_scores.png
  ├── samples/
  │   ├── standard/  lsgan/  wgan/  wgangp/  hinge/
  ├── models/
  │   ├── final/   *_G.pth  *_D.pth
  │   └── best/    *_G_best.pth
  └── checkpoints/
      └── standard/ lsgan/ wgan/ wgangp/ hinge/
    
